Copyright 1986-2020 Xilinx, Inc. All Rights Reserved.
----------------------------------------------------------------------------------------------
| Tool Version : Vivado v.2020.1 (win64) Build 2902540 Wed May 27 19:54:49 MDT 2020
| Date         : Tue Apr 21 10:58:27 2026
| Host         : aboos running 64-bit major release  (build 9200)
| Command      : report_control_sets -verbose -file TopLevelProcessor_control_sets_placed.rpt
| Design       : TopLevelProcessor
| Device       : xc7a35t
----------------------------------------------------------------------------------------------

Control Set Information

Table of Contents
-----------------
1. Summary
2. Histogram
3. Flip-Flop Distribution
4. Detailed Control Set Information

1. Summary
----------

+----------------------------------------------------------+-------+
|                          Status                          | Count |
+----------------------------------------------------------+-------+
| Total control sets                                       |   160 |
|    Minimum number of control sets                        |   160 |
|    Addition due to synthesis replication                 |     0 |
|    Addition due to physical synthesis replication        |     0 |
| Unused register locations in slices containing registers |     0 |
+----------------------------------------------------------+-------+
* Control sets can be merged at opt_design using control_set_merge or merge_equivalent_drivers
** Run report_qor_suggestions for automated merging and remapping suggestions


2. Histogram
------------

+--------------------+-------+
|       Fanout       | Count |
+--------------------+-------+
| Total control sets |   160 |
| >= 0 to < 4        |     0 |
| >= 4 to < 6        |     0 |
| >= 6 to < 8        |     0 |
| >= 8 to < 10       |     0 |
| >= 10 to < 12      |     0 |
| >= 12 to < 14      |     0 |
| >= 14 to < 16      |     0 |
| >= 16              |   160 |
+--------------------+-------+
* Control sets can be remapped at either synth_design or opt_design


3. Flip-Flop Distribution
-------------------------

+--------------+-----------------------+------------------------+-----------------+--------------+
| Clock Enable | Synchronous Set/Reset | Asynchronous Set/Reset | Total Registers | Total Slices |
+--------------+-----------------------+------------------------+-----------------+--------------+
| No           | No                    | No                     |               0 |            0 |
| No           | No                    | Yes                    |               0 |            0 |
| No           | Yes                   | No                     |              32 |            9 |
| Yes          | No                    | No                     |               0 |            0 |
| Yes          | No                    | Yes                    |               0 |            0 |
| Yes          | Yes                   | No                     |            5088 |         2230 |
+--------------+-----------------------+------------------------+-----------------+--------------+


4. Detailed Control Set Information
-----------------------------------

+----------------+-----------------------------------------+------------------+------------------+----------------+--------------+
|  Clock Signal  |              Enable Signal              | Set/Reset Signal | Slice Load Count | Bel Load Count | Bels / Slice |
+----------------+-----------------------------------------+------------------+------------------+----------------+--------------+
|  clk_IBUF_BUFG |                                         | rst_IBUF         |                9 |             32 |         3.56 |
|  clk_IBUF_BUFG | u_RegFile/memory_reg[0][31]_i_10_103[0] | rst_IBUF         |               12 |             32 |         2.67 |
|  clk_IBUF_BUFG | u_RegFile/memory_reg[0][31]_i_10_105[0] | rst_IBUF         |                8 |             32 |         4.00 |
|  clk_IBUF_BUFG | u_RegFile/memory_reg[0][31]_i_10_10[0]  | rst_IBUF         |               18 |             32 |         1.78 |
|  clk_IBUF_BUFG | u_RegFile/memory_reg[0][31]_i_10_113[0] | rst_IBUF         |                7 |             32 |         4.57 |
|  clk_IBUF_BUFG | u_RegFile/memory_reg[0][31]_i_10_115[0] | rst_IBUF         |                8 |             32 |         4.00 |
|  clk_IBUF_BUFG | u_RegFile/memory_reg[0][31]_i_10_111[0] | rst_IBUF         |               11 |             32 |         2.91 |
|  clk_IBUF_BUFG | u_RegFile/memory_reg[0][31]_i_10_112[0] | rst_IBUF         |                9 |             32 |         3.56 |
|  clk_IBUF_BUFG | u_RegFile/memory_reg[0][31]_i_10_100[0] | rst_IBUF         |               10 |             32 |         3.20 |
|  clk_IBUF_BUFG | u_RegFile/memory_reg[0][31]_i_10_102[0] | rst_IBUF         |               13 |             32 |         2.46 |
|  clk_IBUF_BUFG | u_RegFile/memory_reg[0][31]_i_10_108[0] | rst_IBUF         |               12 |             32 |         2.67 |
|  clk_IBUF_BUFG | u_RegFile/memory_reg[0][31]_i_10_104[0] | rst_IBUF         |               12 |             32 |         2.67 |
|  clk_IBUF_BUFG | u_RegFile/memory_reg[0][31]_i_10_107[0] | rst_IBUF         |                9 |             32 |         3.56 |
|  clk_IBUF_BUFG | u_RegFile/memory_reg[0][31]_i_10_116[0] | rst_IBUF         |               14 |             32 |         2.29 |
|  clk_IBUF_BUFG | u_RegFile/memory_reg[0][31]_i_10_117[0] | rst_IBUF         |               17 |             32 |         1.88 |
|  clk_IBUF_BUFG | u_RegFile/memory_reg[0][31]_i_10_101[0] | rst_IBUF         |               14 |             32 |         2.29 |
|  clk_IBUF_BUFG | u_RegFile/memory_reg[0][31]_i_10_114[0] | rst_IBUF         |               13 |             32 |         2.46 |
|  clk_IBUF_BUFG | u_RegFile/memory_reg[0][31]_i_10_11[0]  | rst_IBUF         |               20 |             32 |         1.60 |
|  clk_IBUF_BUFG | u_RegFile/memory_reg[0][31]_i_10_110[0] | rst_IBUF         |                5 |             32 |         6.40 |
|  clk_IBUF_BUFG | u_RegFile/memory_reg[0][31]_i_10_16[0]  | rst_IBUF         |               11 |             32 |         2.91 |
|  clk_IBUF_BUFG | u_RegFile/memory_reg[0][31]_i_10_25[0]  | rst_IBUF         |               15 |             32 |         2.13 |
|  clk_IBUF_BUFG | u_RegFile/memory_reg[0][31]_i_10_37[0]  | rst_IBUF         |               13 |             32 |         2.46 |
|  clk_IBUF_BUFG | u_RegFile/memory_reg[0][31]_i_10_20[0]  | rst_IBUF         |               12 |             32 |         2.67 |
|  clk_IBUF_BUFG | u_RegFile/memory_reg[0][31]_i_10_134[0] | rst_IBUF         |               16 |             32 |         2.00 |
|  clk_IBUF_BUFG | u_RegFile/memory_reg[0][31]_i_10_135[0] | rst_IBUF         |               15 |             32 |         2.13 |
|  clk_IBUF_BUFG | u_RegFile/memory_reg[0][31]_i_10_141[0] | rst_IBUF         |                6 |             32 |         5.33 |
|  clk_IBUF_BUFG | u_RegFile/memory_reg[0][31]_i_10_132[0] | rst_IBUF         |               17 |             32 |         1.88 |
|  clk_IBUF_BUFG | u_RegFile/memory_reg[0][31]_i_10_138[0] | rst_IBUF         |               14 |             32 |         2.29 |
|  clk_IBUF_BUFG | u_RegFile/memory_reg[0][31]_i_10_21[0]  | rst_IBUF         |               11 |             32 |         2.91 |
|  clk_IBUF_BUFG | u_RegFile/memory_reg[0][31]_i_10_147[0] | rst_IBUF         |               11 |             32 |         2.91 |
|  clk_IBUF_BUFG | u_RegFile/memory_reg[0][31]_i_10_31[0]  | rst_IBUF         |               20 |             32 |         1.60 |
|  clk_IBUF_BUFG | u_RegFile/memory_reg[0][31]_i_10_28[0]  | rst_IBUF         |               10 |             32 |         3.20 |
|  clk_IBUF_BUFG | u_RegFile/memory_reg[0][31]_i_10_145[0] | rst_IBUF         |               11 |             32 |         2.91 |
|  clk_IBUF_BUFG | u_RegFile/memory_reg[0][31]_i_10_39[0]  | rst_IBUF         |               16 |             32 |         2.00 |
|  clk_IBUF_BUFG | u_RegFile/memory_reg[0][31]_i_10_4[0]   | rst_IBUF         |               12 |             32 |         2.67 |
|  clk_IBUF_BUFG | u_RegFile/memory_reg[0][31]_i_10_22[0]  | rst_IBUF         |                9 |             32 |         3.56 |
|  clk_IBUF_BUFG | u_RegFile/memory_reg[0][31]_i_10_24[0]  | rst_IBUF         |               12 |             32 |         2.67 |
|  clk_IBUF_BUFG | u_RegFile/memory_reg[0][31]_i_10_41[0]  | rst_IBUF         |               14 |             32 |         2.29 |
|  clk_IBUF_BUFG | u_RegFile/memory_reg[0][31]_i_10_42[0]  | rst_IBUF         |               12 |             32 |         2.67 |
|  clk_IBUF_BUFG | u_RegFile/memory_reg[0][31]_i_10_15[0]  | rst_IBUF         |               17 |             32 |         1.88 |
|  clk_IBUF_BUFG | u_RegFile/memory_reg[0][31]_i_10_140[0] | rst_IBUF         |                8 |             32 |         4.00 |
|  clk_IBUF_BUFG | u_RegFile/memory_reg[0][31]_i_10_136[0] | rst_IBUF         |               10 |             32 |         3.20 |
|  clk_IBUF_BUFG | u_RegFile/memory_reg[0][31]_i_10_13[0]  | rst_IBUF         |               14 |             32 |         2.29 |
|  clk_IBUF_BUFG | u_RegFile/memory_reg[0][31]_i_10_137[0] | rst_IBUF         |               12 |             32 |         2.67 |
|  clk_IBUF_BUFG | u_RegFile/memory_reg[0][31]_i_10_142[0] | rst_IBUF         |                7 |             32 |         4.57 |
|  clk_IBUF_BUFG | u_RegFile/memory_reg[0][31]_i_10_12[0]  | rst_IBUF         |               12 |             32 |         2.67 |
|  clk_IBUF_BUFG | u_RegFile/memory_reg[0][31]_i_10_150[0] | rst_IBUF         |                8 |             32 |         4.00 |
|  clk_IBUF_BUFG | u_RegFile/memory_reg[0][31]_i_10_18[0]  | rst_IBUF         |               10 |             32 |         3.20 |
|  clk_IBUF_BUFG | u_RegFile/memory_reg[0][31]_i_10_32[0]  | rst_IBUF         |               14 |             32 |         2.29 |
|  clk_IBUF_BUFG | u_RegFile/memory_reg[0][31]_i_10_153[0] | rst_IBUF         |               11 |             32 |         2.91 |
|  clk_IBUF_BUFG | u_RegFile/memory_reg[0][31]_i_10_27[0]  | rst_IBUF         |               12 |             32 |         2.67 |
|  clk_IBUF_BUFG | u_RegFile/memory_reg[0][31]_i_10_14[0]  | rst_IBUF         |               12 |             32 |         2.67 |
|  clk_IBUF_BUFG | u_RegFile/memory_reg[0][31]_i_10_3[0]   | rst_IBUF         |               11 |             32 |         2.91 |
|  clk_IBUF_BUFG | u_RegFile/memory_reg[0][31]_i_10_33[0]  | rst_IBUF         |               19 |             32 |         1.68 |
|  clk_IBUF_BUFG | u_RegFile/memory_reg[0][31]_i_10_146[0] | rst_IBUF         |               11 |             32 |         2.91 |
|  clk_IBUF_BUFG | u_RegFile/memory_reg[0][31]_i_10_34[0]  | rst_IBUF         |               18 |             32 |         1.78 |
|  clk_IBUF_BUFG | u_RegFile/memory_reg[0][31]_i_10_148[0] | rst_IBUF         |               10 |             32 |         3.20 |
|  clk_IBUF_BUFG | u_RegFile/memory_reg[0][31]_i_10_152[0] | rst_IBUF         |               16 |             32 |         2.00 |
|  clk_IBUF_BUFG | u_RegFile/memory_reg[0][31]_i_10_139[0] | rst_IBUF         |               16 |             32 |         2.00 |
|  clk_IBUF_BUFG | u_RegFile/memory_reg[0][31]_i_10_19[0]  | rst_IBUF         |               12 |             32 |         2.67 |
|  clk_IBUF_BUFG | u_RegFile/memory_reg[0][31]_i_10_2[0]   | rst_IBUF         |                9 |             32 |         3.56 |
|  clk_IBUF_BUFG | u_RegFile/memory_reg[0][31]_i_10_17[0]  | rst_IBUF         |               14 |             32 |         2.29 |
|  clk_IBUF_BUFG | u_RegFile/memory_reg[0][31]_i_10_26[0]  | rst_IBUF         |               16 |             32 |         2.00 |
|  clk_IBUF_BUFG | u_RegFile/memory_reg[0][31]_i_10_30[0]  | rst_IBUF         |               10 |             32 |         3.20 |
|  clk_IBUF_BUFG | u_RegFile/memory_reg[0][31]_i_10_35[0]  | rst_IBUF         |               15 |             32 |         2.13 |
|  clk_IBUF_BUFG | u_RegFile/memory_reg[0][31]_i_10_149[0] | rst_IBUF         |                9 |             32 |         3.56 |
|  clk_IBUF_BUFG | u_RegFile/memory_reg[0][31]_i_10_144[0] | rst_IBUF         |               15 |             32 |         2.13 |
|  clk_IBUF_BUFG | u_RegFile/memory_reg[0][31]_i_10_36[0]  | rst_IBUF         |               10 |             32 |         3.20 |
|  clk_IBUF_BUFG | u_RegFile/memory_reg[0][31]_i_10_133[0] | rst_IBUF         |               17 |             32 |         1.88 |
|  clk_IBUF_BUFG | u_RegFile/memory_reg[0][31]_i_10_29[0]  | rst_IBUF         |               12 |             32 |         2.67 |
|  clk_IBUF_BUFG | u_RegFile/memory_reg[0][31]_i_10_38[0]  | rst_IBUF         |               16 |             32 |         2.00 |
|  clk_IBUF_BUFG | u_RegFile/memory_reg[0][31]_i_10_143[0] | rst_IBUF         |               14 |             32 |         2.29 |
|  clk_IBUF_BUFG | u_RegFile/memory_reg[0][31]_i_10_151[0] | rst_IBUF         |               19 |             32 |         1.68 |
|  clk_IBUF_BUFG | u_RegFile/memory_reg[0][31]_i_10_69[0]  | rst_IBUF         |               15 |             32 |         2.13 |
|  clk_IBUF_BUFG | u_RegFile/memory_reg[0][31]_i_10_54[0]  | rst_IBUF         |               18 |             32 |         1.78 |
|  clk_IBUF_BUFG | u_RegFile/memory_reg[0][31]_i_10_58[0]  | rst_IBUF         |               19 |             32 |         1.68 |
|  clk_IBUF_BUFG | u_RegFile/memory_reg[0][31]_i_10_71[0]  | rst_IBUF         |               18 |             32 |         1.78 |
|  clk_IBUF_BUFG | u_RegFile/memory_reg[0][31]_i_10_83[0]  | rst_IBUF         |               12 |             32 |         2.67 |
|  clk_IBUF_BUFG | u_RegFile/memory_reg[0][31]_i_10_91[0]  | rst_IBUF         |               12 |             32 |         2.67 |
|  clk_IBUF_BUFG | u_RegFile/memory_reg[0][31]_i_10_94[0]  | rst_IBUF         |               18 |             32 |         1.78 |
|  clk_IBUF_BUFG | u_RegFile/memory_reg[0][31]_i_10_95[0]  | rst_IBUF         |               19 |             32 |         1.68 |
|  clk_IBUF_BUFG | u_RegFile/memory_reg[0][31]_i_10_50[0]  | rst_IBUF         |               17 |             32 |         1.88 |
|  clk_IBUF_BUFG | u_RegFile/memory_reg[0][31]_i_10_47[0]  | rst_IBUF         |               18 |             32 |         1.78 |
|  clk_IBUF_BUFG | u_RegFile/memory_reg[0][31]_i_10_84[0]  | rst_IBUF         |               11 |             32 |         2.91 |
|  clk_IBUF_BUFG | u_RegFile/memory_reg[0][31]_i_10_87[0]  | rst_IBUF         |               11 |             32 |         2.91 |
|  clk_IBUF_BUFG | u_RegFile/memory_reg[0][31]_i_10_68[0]  | rst_IBUF         |               10 |             32 |         3.20 |
|  clk_IBUF_BUFG | u_RegFile/memory_reg[0][31]_i_10_82[0]  | rst_IBUF         |                8 |             32 |         4.00 |
|  clk_IBUF_BUFG | u_RegFile/memory_reg[0][31]_i_10_88[0]  | rst_IBUF         |               17 |             32 |         1.88 |
|  clk_IBUF_BUFG | u_RegFile/memory_reg[0][31]_i_10_46[0]  | rst_IBUF         |               16 |             32 |         2.00 |
|  clk_IBUF_BUFG | u_RegFile/memory_reg[0][31]_i_10_67[0]  | rst_IBUF         |               11 |             32 |         2.91 |
|  clk_IBUF_BUFG | u_RegFile/memory_reg[0][31]_i_10_80[0]  | rst_IBUF         |               12 |             32 |         2.67 |
|  clk_IBUF_BUFG | u_RegFile/memory_reg[0][31]_i_10_85[0]  | rst_IBUF         |               12 |             32 |         2.67 |
|  clk_IBUF_BUFG | u_RegFile/memory_reg[0][31]_i_10_48[0]  | rst_IBUF         |               21 |             32 |         1.52 |
|  clk_IBUF_BUFG | u_RegFile/memory_reg[0][31]_i_10_45[0]  | rst_IBUF         |               17 |             32 |         1.88 |
|  clk_IBUF_BUFG | u_RegFile/memory_reg[0][31]_i_10_53[0]  | rst_IBUF         |               15 |             32 |         2.13 |
|  clk_IBUF_BUFG | u_RegFile/memory_reg[0][31]_i_10_6[0]   | rst_IBUF         |               18 |             32 |         1.78 |
|  clk_IBUF_BUFG | u_RegFile/memory_reg[0][31]_i_10_60[0]  | rst_IBUF         |               24 |             32 |         1.33 |
|  clk_IBUF_BUFG | u_RegFile/memory_reg[0][31]_i_10_63[0]  | rst_IBUF         |               13 |             32 |         2.46 |
|  clk_IBUF_BUFG | u_RegFile/memory_reg[0][31]_i_10_43[0]  | rst_IBUF         |               14 |             32 |         2.29 |
|  clk_IBUF_BUFG | u_RegFile/memory_reg[0][31]_i_10_72[0]  | rst_IBUF         |               17 |             32 |         1.88 |
|  clk_IBUF_BUFG | u_RegFile/memory_reg[0][31]_i_10_55[0]  | rst_IBUF         |               17 |             32 |         1.88 |
|  clk_IBUF_BUFG | u_RegFile/memory_reg[0][31]_i_10_73[0]  | rst_IBUF         |               17 |             32 |         1.88 |
|  clk_IBUF_BUFG | u_RegFile/memory_reg[0][31]_i_10_74[0]  | rst_IBUF         |               17 |             32 |         1.88 |
|  clk_IBUF_BUFG | u_RegFile/memory_reg[0][31]_i_10_75[0]  | rst_IBUF         |               20 |             32 |         1.60 |
|  clk_IBUF_BUFG | u_RegFile/memory_reg[0][31]_i_10_65[0]  | rst_IBUF         |               13 |             32 |         2.46 |
|  clk_IBUF_BUFG | u_RegFile/memory_reg[0][31]_i_10_57[0]  | rst_IBUF         |               20 |             32 |         1.60 |
|  clk_IBUF_BUFG | u_RegFile/memory_reg[0][31]_i_10_44[0]  | rst_IBUF         |               16 |             32 |         2.00 |
|  clk_IBUF_BUFG | u_RegFile/memory_reg[0][31]_i_10_78[0]  | rst_IBUF         |               10 |             32 |         3.20 |
|  clk_IBUF_BUFG | u_RegFile/memory_reg[0][31]_i_10_79[0]  | rst_IBUF         |               11 |             32 |         2.91 |
|  clk_IBUF_BUFG | u_RegFile/memory_reg[0][31]_i_10_86[0]  | rst_IBUF         |               12 |             32 |         2.67 |
|  clk_IBUF_BUFG | u_RegFile/memory_reg[0][31]_i_10_89[0]  | rst_IBUF         |               14 |             32 |         2.29 |
|  clk_IBUF_BUFG | u_RegFile/memory_reg[0][31]_i_10_96[0]  | rst_IBUF         |               17 |             32 |         1.88 |
|  clk_IBUF_BUFG | u_RegFile/memory_reg[0][31]_i_10_97[0]  | rst_IBUF         |               17 |             32 |         1.88 |
|  clk_IBUF_BUFG | u_RegFile/memory_reg[0][31]_i_10_61[0]  | rst_IBUF         |               11 |             32 |         2.91 |
|  clk_IBUF_BUFG | u_RegFile/memory_reg[0][31]_i_10_76[0]  | rst_IBUF         |               10 |             32 |         3.20 |
|  clk_IBUF_BUFG | u_RegFile/memory_reg[0][31]_i_10_90[0]  | rst_IBUF         |               14 |             32 |         2.29 |
|  clk_IBUF_BUFG | u_RegFile/memory_reg[0][31]_i_10_51[0]  | rst_IBUF         |               15 |             32 |         2.13 |
|  clk_IBUF_BUFG | u_RegFile/memory_reg[0][31]_i_10_98[0]  | rst_IBUF         |               10 |             32 |         3.20 |
|  clk_IBUF_BUFG | u_RegFile/memory_reg[0][31]_i_10_9[0]   | rst_IBUF         |               14 |             32 |         2.29 |
|  clk_IBUF_BUFG | u_RegFile/memory_reg[0][31]_i_10_49[0]  | rst_IBUF         |               18 |             32 |         1.78 |
|  clk_IBUF_BUFG | u_RegFile/memory_reg[0][31]_i_10_99[0]  | rst_IBUF         |               11 |             32 |         2.91 |
|  clk_IBUF_BUFG | u_RegFile/memory_reg[0][31]_i_10_5[0]   | rst_IBUF         |               12 |             32 |         2.67 |
|  clk_IBUF_BUFG | u_RegFile/memory_reg[0][31]_i_10_56[0]  | rst_IBUF         |               16 |             32 |         2.00 |
|  clk_IBUF_BUFG | u_RegFile/memory_reg[0][31]_i_10_52[0]  | rst_IBUF         |               19 |             32 |         1.68 |
|  clk_IBUF_BUFG | u_RegFile/memory_reg[0][31]_i_10_59[0]  | rst_IBUF         |               18 |             32 |         1.78 |
|  clk_IBUF_BUFG | u_RegFile/memory_reg[0][31]_i_10_66[0]  | rst_IBUF         |               10 |             32 |         3.20 |
|  clk_IBUF_BUFG | u_RegFile/memory_reg[0][31]_i_10_8[0]   | rst_IBUF         |               13 |             32 |         2.46 |
|  clk_IBUF_BUFG | u_RegFile/memory_reg[0][31]_i_10_70[0]  | rst_IBUF         |               10 |             32 |         3.20 |
|  clk_IBUF_BUFG | u_RegFile/regs[11][31]_i_1_n_0          | rst_IBUF         |               12 |             32 |         2.67 |
|  clk_IBUF_BUFG | u_RegFile/regs[17][31]_i_1_n_0          | rst_IBUF         |               15 |             32 |         2.13 |
|  clk_IBUF_BUFG | u_RegFile/regs[1][31]_i_1_n_0           | rst_IBUF         |               16 |             32 |         2.00 |
|  clk_IBUF_BUFG | u_RegFile/regs[20][31]_i_1_n_0          | rst_IBUF         |               18 |             32 |         1.78 |
|  clk_IBUF_BUFG | u_RegFile/regs[13][31]_i_1_n_0          | rst_IBUF         |               13 |             32 |         2.46 |
|  clk_IBUF_BUFG | u_RegFile/regs[15][31]_i_1_n_0          | rst_IBUF         |               14 |             32 |         2.29 |
|  clk_IBUF_BUFG | u_RegFile/regs[18][31]_i_1_n_0          | rst_IBUF         |               18 |             32 |         1.78 |
|  clk_IBUF_BUFG | u_RegFile/regs[19][31]_i_1_n_0          | rst_IBUF         |               14 |             32 |         2.29 |
|  clk_IBUF_BUFG | u_RegFile/regs[22][31]_i_1_n_0          | rst_IBUF         |               16 |             32 |         2.00 |
|  clk_IBUF_BUFG | u_RegFile/regs[21][31]_i_1_n_0          | rst_IBUF         |               14 |             32 |         2.29 |
|  clk_IBUF_BUFG | u_RegFile/regs[23][31]_i_1_n_0          | rst_IBUF         |               13 |             32 |         2.46 |
|  clk_IBUF_BUFG | u_RegFile/regs[16][31]_i_1_n_0          | rst_IBUF         |               13 |             32 |         2.46 |
|  clk_IBUF_BUFG | u_RegFile/regs[24][31]_i_1_n_0          | rst_IBUF         |               11 |             32 |         2.91 |
|  clk_IBUF_BUFG | u_RegFile/regs[25][31]_i_1_n_0          | rst_IBUF         |               16 |             32 |         2.00 |
|  clk_IBUF_BUFG | u_RegFile/regs[26][31]_i_1_n_0          | rst_IBUF         |               15 |             32 |         2.13 |
|  clk_IBUF_BUFG | u_RegFile/regs[27][31]_i_1_n_0          | rst_IBUF         |               12 |             32 |         2.67 |
|  clk_IBUF_BUFG | u_RegFile/regs[14][31]_i_1_n_0          | rst_IBUF         |               14 |             32 |         2.29 |
|  clk_IBUF_BUFG | u_RegFile/regs[28][31]_i_1_n_0          | rst_IBUF         |               18 |             32 |         1.78 |
|  clk_IBUF_BUFG | u_RegFile/regs[29][31]_i_1_n_0          | rst_IBUF         |               21 |             32 |         1.52 |
|  clk_IBUF_BUFG | u_RegFile/regs[10][31]_i_1_n_0          | rst_IBUF         |               17 |             32 |         1.88 |
|  clk_IBUF_BUFG | u_RegFile/regs[12][31]_i_1_n_0          | rst_IBUF         |               17 |             32 |         1.88 |
|  clk_IBUF_BUFG | u_RegFile/regs                          | rst_IBUF         |               18 |             32 |         1.78 |
|  clk_IBUF_BUFG | u_RegFile/regs[6][31]_i_1_n_0           | rst_IBUF         |               16 |             32 |         2.00 |
|  clk_IBUF_BUFG | u_RegFile/regs[5][31]_i_1_n_0           | rst_IBUF         |               16 |             32 |         2.00 |
|  clk_IBUF_BUFG | u_RegFile/regs[9][31]_i_1_n_0           | rst_IBUF         |               24 |             32 |         1.33 |
|  clk_IBUF_BUFG | u_RegFile/regs[3][31]_i_1_n_0           | rst_IBUF         |               18 |             32 |         1.78 |
|  clk_IBUF_BUFG | u_RegFile/regs[8][31]_i_1_n_0           | rst_IBUF         |               21 |             32 |         1.52 |
|  clk_IBUF_BUFG | u_RegFile/regs[30][31]_i_1_n_0          | rst_IBUF         |               17 |             32 |         1.88 |
|  clk_IBUF_BUFG | u_RegFile/regs[2][31]_i_1_n_0           | rst_IBUF         |               18 |             32 |         1.78 |
|  clk_IBUF_BUFG | u_RegFile/regs[7][31]_i_1_n_0           | rst_IBUF         |               19 |             32 |         1.68 |
|  clk_IBUF_BUFG | u_RegFile/regs[4][31]_i_1_n_0           | rst_IBUF         |               14 |             32 |         2.29 |
|  clk_IBUF_BUFG | u_RegFile/E[0]                          | rst_IBUF         |               12 |             32 |         2.67 |
+----------------+-----------------------------------------+------------------+------------------+----------------+--------------+


