Copyright 1986-2020 Xilinx, Inc. All Rights Reserved.
--------------------------------------------------------------------------------------------------------------------------------------------------------------------------------------------------------
| Tool Version : Vivado v.2020.1 (win64) Build 2902540 Wed May 27 19:54:49 MDT 2020
| Date         : Thu Apr  9 13:05:25 2026
| Host         : aboos running 64-bit major release  (build 9200)
| Command      : report_timing_summary -max_paths 10 -file top_control_timing_summary_routed.rpt -pb top_control_timing_summary_routed.pb -rpx top_control_timing_summary_routed.rpx -warn_on_violation
| Design       : top_control
| Device       : 7a35t-cpg236
| Speed File   : -1  PRODUCTION 1.23 2018-06-13
--------------------------------------------------------------------------------------------------------------------------------------------------------------------------------------------------------

Timing Summary Report

------------------------------------------------------------------------------------------------
| Timer Settings
| --------------
------------------------------------------------------------------------------------------------

  Enable Multi Corner Analysis               :  Yes
  Enable Pessimism Removal                   :  Yes
  Pessimism Removal Resolution               :  Nearest Common Node
  Enable Input Delay Default Clock           :  No
  Enable Preset / Clear Arcs                 :  No
  Disable Flight Delays                      :  No
  Ignore I/O Paths                           :  No
  Timing Early Launch at Borrowing Latches   :  No
  Borrow Time for Max Delay Exceptions       :  Yes
  Merge Timing Exceptions                    :  Yes

  Corner  Analyze    Analyze    
  Name    Max Paths  Min Paths  
  ------  ---------  ---------  
  Slow    Yes        Yes        
  Fast    Yes        Yes        



check_timing report

Table of Contents
-----------------
1. checking no_clock (0)
2. checking constant_clock (0)
3. checking pulse_width_clock (0)
4. checking unconstrained_internal_endpoints (0)
5. checking no_input_delay (12)
6. checking no_output_delay (11)
7. checking multiple_clock (0)
8. checking generated_clocks (0)
9. checking loops (0)
10. checking partial_input_delay (0)
11. checking partial_output_delay (0)
12. checking latch_loops (0)

1. checking no_clock (0)
------------------------
 There are 0 register/latch pins with no clock.


2. checking constant_clock (0)
------------------------------
 There are 0 register/latch pins with constant_clock.


3. checking pulse_width_clock (0)
---------------------------------
 There are 0 register/latch pins which need pulse_width check


4. checking unconstrained_internal_endpoints (0)
------------------------------------------------
 There are 0 pins that are not constrained for maximum delay.

 There are 0 pins that are not constrained for maximum delay due to constant clock.


5. checking no_input_delay (12)
-------------------------------
 There are 12 input ports with no input delay specified. (HIGH)

 There are 0 input ports with no input delay but user has a false path constraint.


6. checking no_output_delay (11)
--------------------------------
 There are 11 ports with no output delay specified. (HIGH)

 There are 0 ports with no output delay but user has a false path constraint

 There are 0 ports with no output delay but with a timing clock defined on it or propagating through it


7. checking multiple_clock (0)
------------------------------
 There are 0 register/latch pins with multiple clocks.


8. checking generated_clocks (0)
--------------------------------
 There are 0 generated clocks that are not connected to a clock source.


9. checking loops (0)
---------------------
 There are 0 combinational loops in the design.


10. checking partial_input_delay (0)
------------------------------------
 There are 0 input ports with partial input delay specified.


11. checking partial_output_delay (0)
-------------------------------------
 There are 0 ports with partial output delay specified.


12. checking latch_loops (0)
----------------------------
 There are 0 combinational latch loops in the design through latch input



------------------------------------------------------------------------------------------------
| Design Timing Summary
| ---------------------
------------------------------------------------------------------------------------------------

    WNS(ns)      TNS(ns)  TNS Failing Endpoints  TNS Total Endpoints      WHS(ns)      THS(ns)  THS Failing Endpoints  THS Total Endpoints     WPWS(ns)     TPWS(ns)  TPWS Failing Endpoints  TPWS Total Endpoints  
    -------      -------  ---------------------  -------------------      -------      -------  ---------------------  -------------------     --------     --------  ----------------------  --------------------  
      6.785        0.000                      0                   46        0.181        0.000                      0                   46        4.500        0.000                       0                    37  


All user specified timing constraints are met.


------------------------------------------------------------------------------------------------
| Clock Summary
| -------------
------------------------------------------------------------------------------------------------

Clock        Waveform(ns)       Period(ns)      Frequency(MHz)
-----        ------------       ----------      --------------
sys_clk_pin  {0.000 5.000}      10.000          100.000         


------------------------------------------------------------------------------------------------
| Intra Clock Table
| -----------------
------------------------------------------------------------------------------------------------

Clock             WNS(ns)      TNS(ns)  TNS Failing Endpoints  TNS Total Endpoints      WHS(ns)      THS(ns)  THS Failing Endpoints  THS Total Endpoints     WPWS(ns)     TPWS(ns)  TPWS Failing Endpoints  TPWS Total Endpoints  
-----             -------      -------  ---------------------  -------------------      -------      -------  ---------------------  -------------------     --------     --------  ----------------------  --------------------  
sys_clk_pin         6.785        0.000                      0                   46        0.181        0.000                      0                   46        4.500        0.000                       0                    37  


------------------------------------------------------------------------------------------------
| Inter Clock Table
| -----------------
------------------------------------------------------------------------------------------------

From Clock    To Clock          WNS(ns)      TNS(ns)  TNS Failing Endpoints  TNS Total Endpoints      WHS(ns)      THS(ns)  THS Failing Endpoints  THS Total Endpoints  
----------    --------          -------      -------  ---------------------  -------------------      -------      -------  ---------------------  -------------------  


------------------------------------------------------------------------------------------------
| Other Path Groups Table
| -----------------------
------------------------------------------------------------------------------------------------

Path Group    From Clock    To Clock          WNS(ns)      TNS(ns)  TNS Failing Endpoints  TNS Total Endpoints      WHS(ns)      THS(ns)  THS Failing Endpoints  THS Total Endpoints  
----------    ----------    --------          -------      -------  ---------------------  -------------------      -------      -------  ---------------------  -------------------  


------------------------------------------------------------------------------------------------
| Timing Details
| --------------
------------------------------------------------------------------------------------------------


---------------------------------------------------------------------------------------------------
From Clock:  sys_clk_pin
  To Clock:  sys_clk_pin

Setup :            0  Failing Endpoints,  Worst Slack        6.785ns,  Total Violation        0.000ns
Hold  :            0  Failing Endpoints,  Worst Slack        0.181ns,  Total Violation        0.000ns
PW    :            0  Failing Endpoints,  Worst Slack        4.500ns,  Total Violation        0.000ns
---------------------------------------------------------------------------------------------------


Max Delay Paths
--------------------------------------------------------------------------------------
Slack (MET) :             6.785ns  (required time - arrival time)
  Source:                 sw_inst/readData_reg[9]/C
                            (rising edge-triggered cell FDCE clocked by sys_clk_pin  {rise@0.000ns fall@5.000ns period=10.000ns})
  Destination:            led_writeData_reg[10]/D
                            (rising edge-triggered cell FDCE clocked by sys_clk_pin  {rise@0.000ns fall@5.000ns period=10.000ns})
  Path Group:             sys_clk_pin
  Path Type:              Setup (Max at Slow Process Corner)
  Requirement:            10.000ns  (sys_clk_pin rise@10.000ns - sys_clk_pin rise@0.000ns)
  Data Path Delay:        2.904ns  (logic 0.960ns (33.063%)  route 1.944ns (66.937%))
  Logic Levels:           2  (LUT4=1 LUT5=1)
  Clock Path Skew:        -0.036ns (DCD - SCD + CPR)
    Destination Clock Delay (DCD):    4.855ns = ( 14.855 - 10.000 ) 
    Source Clock Delay      (SCD):    5.151ns
    Clock Pessimism Removal (CPR):    0.260ns
  Clock Uncertainty:      0.035ns  ((TSJ^2 + TIJ^2)^1/2 + DJ) / 2 + PE
    Total System Jitter     (TSJ):    0.071ns
    Total Input Jitter      (TIJ):    0.000ns
    Discrete Jitter          (DJ):    0.000ns
    Phase Error              (PE):    0.000ns

    Location             Delay type                Incr(ns)  Path(ns)    Netlist Resource(s)
  -------------------------------------------------------------------    -------------------
                         (clock sys_clk_pin rise edge)
                                                      0.000     0.000 r  
    W5                                                0.000     0.000 r  clk (IN)
                         net (fo=0)                   0.000     0.000    clk
    W5                   IBUF (Prop_ibuf_I_O)         1.458     1.458 r  clk_IBUF_inst/O
                         net (fo=1, routed)           1.967     3.425    clk_IBUF
    BUFGCTRL_X0Y0        BUFG (Prop_bufg_I_O)         0.096     3.521 r  clk_IBUF_BUFG_inst/O
                         net (fo=36, routed)          1.630     5.151    sw_inst/clk_IBUF_BUFG
    SLICE_X4Y36          FDCE                                         r  sw_inst/readData_reg[9]/C
  -------------------------------------------------------------------    -------------------
    SLICE_X4Y36          FDCE (Prop_fdce_C_Q)         0.456     5.607 r  sw_inst/readData_reg[9]/Q
                         net (fo=5, routed)           0.829     6.436    sw_inst/sel0[1]
    SLICE_X3Y36          LUT4 (Prop_lut4_I3_O)        0.152     6.588 r  sw_inst/led_writeData[10]_i_3/O
                         net (fo=3, routed)           0.779     7.367    sw_inst/led_writeData[10]_i_3_n_0
    SLICE_X2Y35          LUT5 (Prop_lut5_I2_O)        0.352     7.719 r  sw_inst/led_writeData[10]_i_1/O
                         net (fo=1, routed)           0.336     8.055    ALUControl[2]
    SLICE_X2Y35          FDCE                                         r  led_writeData_reg[10]/D
  -------------------------------------------------------------------    -------------------

                         (clock sys_clk_pin rise edge)
                                                     10.000    10.000 r  
    W5                                                0.000    10.000 r  clk (IN)
                         net (fo=0)                   0.000    10.000    clk
    W5                   IBUF (Prop_ibuf_I_O)         1.388    11.388 r  clk_IBUF_inst/O
                         net (fo=1, routed)           1.862    13.250    clk_IBUF
    BUFGCTRL_X0Y0        BUFG (Prop_bufg_I_O)         0.091    13.341 r  clk_IBUF_BUFG_inst/O
                         net (fo=36, routed)          1.514    14.855    clk_IBUF_BUFG
    SLICE_X2Y35          FDCE                                         r  led_writeData_reg[10]/C
                         clock pessimism              0.260    15.115    
                         clock uncertainty           -0.035    15.080    
    SLICE_X2Y35          FDCE (Setup_fdce_C_D)       -0.240    14.840    led_writeData_reg[10]
  -------------------------------------------------------------------
                         required time                         14.840    
                         arrival time                          -8.055    
  -------------------------------------------------------------------
                         slack                                  6.785    

Slack (MET) :             7.238ns  (required time - arrival time)
  Source:                 sw_inst/readData_reg[12]/C
                            (rising edge-triggered cell FDCE clocked by sys_clk_pin  {rise@0.000ns fall@5.000ns period=10.000ns})
  Destination:            led_writeData_reg[6]/D
                            (rising edge-triggered cell FDCE clocked by sys_clk_pin  {rise@0.000ns fall@5.000ns period=10.000ns})
  Path Group:             sys_clk_pin
  Path Type:              Setup (Max at Slow Process Corner)
  Requirement:            10.000ns  (sys_clk_pin rise@10.000ns - sys_clk_pin rise@0.000ns)
  Data Path Delay:        2.721ns  (logic 0.704ns (25.874%)  route 2.017ns (74.126%))
  Logic Levels:           2  (LUT2=1 LUT6=1)
  Clock Path Skew:        -0.037ns (DCD - SCD + CPR)
    Destination Clock Delay (DCD):    4.855ns = ( 14.855 - 10.000 ) 
    Source Clock Delay      (SCD):    5.152ns
    Clock Pessimism Removal (CPR):    0.260ns
  Clock Uncertainty:      0.035ns  ((TSJ^2 + TIJ^2)^1/2 + DJ) / 2 + PE
    Total System Jitter     (TSJ):    0.071ns
    Total Input Jitter      (TIJ):    0.000ns
    Discrete Jitter          (DJ):    0.000ns
    Phase Error              (PE):    0.000ns

    Location             Delay type                Incr(ns)  Path(ns)    Netlist Resource(s)
  -------------------------------------------------------------------    -------------------
                         (clock sys_clk_pin rise edge)
                                                      0.000     0.000 r  
    W5                                                0.000     0.000 r  clk (IN)
                         net (fo=0)                   0.000     0.000    clk
    W5                   IBUF (Prop_ibuf_I_O)         1.458     1.458 r  clk_IBUF_inst/O
                         net (fo=1, routed)           1.967     3.425    clk_IBUF
    BUFGCTRL_X0Y0        BUFG (Prop_bufg_I_O)         0.096     3.521 r  clk_IBUF_BUFG_inst/O
                         net (fo=36, routed)          1.631     5.152    sw_inst/clk_IBUF_BUFG
    SLICE_X4Y37          FDCE                                         r  sw_inst/readData_reg[12]/C
  -------------------------------------------------------------------    -------------------
    SLICE_X4Y37          FDCE (Prop_fdce_C_Q)         0.456     5.608 f  sw_inst/readData_reg[12]/Q
                         net (fo=10, routed)          1.362     6.970    sw_inst/sel0[4]
    SLICE_X2Y35          LUT2 (Prop_lut2_I0_O)        0.124     7.094 f  sw_inst/led_writeData[6]_i_2/O
                         net (fo=1, routed)           0.655     7.749    sw_inst/led_writeData[6]_i_2_n_0
    SLICE_X3Y35          LUT6 (Prop_lut6_I0_O)        0.124     7.873 r  sw_inst/led_writeData[6]_i_1/O
                         net (fo=1, routed)           0.000     7.873    ALUOp[0]
    SLICE_X3Y35          FDCE                                         r  led_writeData_reg[6]/D
  -------------------------------------------------------------------    -------------------

                         (clock sys_clk_pin rise edge)
                                                     10.000    10.000 r  
    W5                                                0.000    10.000 r  clk (IN)
                         net (fo=0)                   0.000    10.000    clk
    W5                   IBUF (Prop_ibuf_I_O)         1.388    11.388 r  clk_IBUF_inst/O
                         net (fo=1, routed)           1.862    13.250    clk_IBUF
    BUFGCTRL_X0Y0        BUFG (Prop_bufg_I_O)         0.091    13.341 r  clk_IBUF_BUFG_inst/O
                         net (fo=36, routed)          1.514    14.855    clk_IBUF_BUFG
    SLICE_X3Y35          FDCE                                         r  led_writeData_reg[6]/C
                         clock pessimism              0.260    15.115    
                         clock uncertainty           -0.035    15.080    
    SLICE_X3Y35          FDCE (Setup_fdce_C_D)        0.031    15.111    led_writeData_reg[6]
  -------------------------------------------------------------------
                         required time                         15.111    
                         arrival time                          -7.873    
  -------------------------------------------------------------------
                         slack                                  7.238    

Slack (MET) :             7.626ns  (required time - arrival time)
  Source:                 sw_inst/readData_reg[9]/C
                            (rising edge-triggered cell FDCE clocked by sys_clk_pin  {rise@0.000ns fall@5.000ns period=10.000ns})
  Destination:            led_writeData_reg[9]/D
                            (rising edge-triggered cell FDCE clocked by sys_clk_pin  {rise@0.000ns fall@5.000ns period=10.000ns})
  Path Group:             sys_clk_pin
  Path Type:              Setup (Max at Slow Process Corner)
  Requirement:            10.000ns  (sys_clk_pin rise@10.000ns - sys_clk_pin rise@0.000ns)
  Data Path Delay:        2.381ns  (logic 0.934ns (39.223%)  route 1.447ns (60.777%))
  Logic Levels:           2  (LUT4=1 LUT5=1)
  Clock Path Skew:        -0.036ns (DCD - SCD + CPR)
    Destination Clock Delay (DCD):    4.855ns = ( 14.855 - 10.000 ) 
    Source Clock Delay      (SCD):    5.151ns
    Clock Pessimism Removal (CPR):    0.260ns
  Clock Uncertainty:      0.035ns  ((TSJ^2 + TIJ^2)^1/2 + DJ) / 2 + PE
    Total System Jitter     (TSJ):    0.071ns
    Total Input Jitter      (TIJ):    0.000ns
    Discrete Jitter          (DJ):    0.000ns
    Phase Error              (PE):    0.000ns

    Location             Delay type                Incr(ns)  Path(ns)    Netlist Resource(s)
  -------------------------------------------------------------------    -------------------
                         (clock sys_clk_pin rise edge)
                                                      0.000     0.000 r  
    W5                                                0.000     0.000 r  clk (IN)
                         net (fo=0)                   0.000     0.000    clk
    W5                   IBUF (Prop_ibuf_I_O)         1.458     1.458 r  clk_IBUF_inst/O
                         net (fo=1, routed)           1.967     3.425    clk_IBUF
    BUFGCTRL_X0Y0        BUFG (Prop_bufg_I_O)         0.096     3.521 r  clk_IBUF_BUFG_inst/O
                         net (fo=36, routed)          1.630     5.151    sw_inst/clk_IBUF_BUFG
    SLICE_X4Y36          FDCE                                         r  sw_inst/readData_reg[9]/C
  -------------------------------------------------------------------    -------------------
    SLICE_X4Y36          FDCE (Prop_fdce_C_Q)         0.456     5.607 f  sw_inst/readData_reg[9]/Q
                         net (fo=5, routed)           0.829     6.436    sw_inst/sel0[1]
    SLICE_X3Y36          LUT4 (Prop_lut4_I3_O)        0.152     6.588 f  sw_inst/led_writeData[10]_i_3/O
                         net (fo=3, routed)           0.619     7.207    sw_inst/led_writeData[10]_i_3_n_0
    SLICE_X2Y35          LUT5 (Prop_lut5_I3_O)        0.326     7.533 r  sw_inst/led_writeData[9]_i_1/O
                         net (fo=1, routed)           0.000     7.533    ALUControl[1]
    SLICE_X2Y35          FDCE                                         r  led_writeData_reg[9]/D
  -------------------------------------------------------------------    -------------------

                         (clock sys_clk_pin rise edge)
                                                     10.000    10.000 r  
    W5                                                0.000    10.000 r  clk (IN)
                         net (fo=0)                   0.000    10.000    clk
    W5                   IBUF (Prop_ibuf_I_O)         1.388    11.388 r  clk_IBUF_inst/O
                         net (fo=1, routed)           1.862    13.250    clk_IBUF
    BUFGCTRL_X0Y0        BUFG (Prop_bufg_I_O)         0.091    13.341 r  clk_IBUF_BUFG_inst/O
                         net (fo=36, routed)          1.514    14.855    clk_IBUF_BUFG
    SLICE_X2Y35          FDCE                                         r  led_writeData_reg[9]/C
                         clock pessimism              0.260    15.115    
                         clock uncertainty           -0.035    15.080    
    SLICE_X2Y35          FDCE (Setup_fdce_C_D)        0.079    15.159    led_writeData_reg[9]
  -------------------------------------------------------------------
                         required time                         15.159    
                         arrival time                          -7.533    
  -------------------------------------------------------------------
                         slack                                  7.626    

Slack (MET) :             7.908ns  (required time - arrival time)
  Source:                 sw_inst/readData_reg[9]/C
                            (rising edge-triggered cell FDCE clocked by sys_clk_pin  {rise@0.000ns fall@5.000ns period=10.000ns})
  Destination:            led_writeData_reg[8]/D
                            (rising edge-triggered cell FDCE clocked by sys_clk_pin  {rise@0.000ns fall@5.000ns period=10.000ns})
  Path Group:             sys_clk_pin
  Path Type:              Setup (Max at Slow Process Corner)
  Requirement:            10.000ns  (sys_clk_pin rise@10.000ns - sys_clk_pin rise@0.000ns)
  Data Path Delay:        2.097ns  (logic 0.934ns (44.534%)  route 1.163ns (55.466%))
  Logic Levels:           2  (LUT4=1 LUT5=1)
  Clock Path Skew:        -0.036ns (DCD - SCD + CPR)
    Destination Clock Delay (DCD):    4.855ns = ( 14.855 - 10.000 ) 
    Source Clock Delay      (SCD):    5.151ns
    Clock Pessimism Removal (CPR):    0.260ns
  Clock Uncertainty:      0.035ns  ((TSJ^2 + TIJ^2)^1/2 + DJ) / 2 + PE
    Total System Jitter     (TSJ):    0.071ns
    Total Input Jitter      (TIJ):    0.000ns
    Discrete Jitter          (DJ):    0.000ns
    Phase Error              (PE):    0.000ns

    Location             Delay type                Incr(ns)  Path(ns)    Netlist Resource(s)
  -------------------------------------------------------------------    -------------------
                         (clock sys_clk_pin rise edge)
                                                      0.000     0.000 r  
    W5                                                0.000     0.000 r  clk (IN)
                         net (fo=0)                   0.000     0.000    clk
    W5                   IBUF (Prop_ibuf_I_O)         1.458     1.458 r  clk_IBUF_inst/O
                         net (fo=1, routed)           1.967     3.425    clk_IBUF
    BUFGCTRL_X0Y0        BUFG (Prop_bufg_I_O)         0.096     3.521 r  clk_IBUF_BUFG_inst/O
                         net (fo=36, routed)          1.630     5.151    sw_inst/clk_IBUF_BUFG
    SLICE_X4Y36          FDCE                                         r  sw_inst/readData_reg[9]/C
  -------------------------------------------------------------------    -------------------
    SLICE_X4Y36          FDCE (Prop_fdce_C_Q)         0.456     5.607 r  sw_inst/readData_reg[9]/Q
                         net (fo=5, routed)           0.829     6.436    sw_inst/sel0[1]
    SLICE_X3Y36          LUT4 (Prop_lut4_I3_O)        0.152     6.588 r  sw_inst/led_writeData[10]_i_3/O
                         net (fo=3, routed)           0.335     6.923    sw_inst/led_writeData[10]_i_3_n_0
    SLICE_X2Y35          LUT5 (Prop_lut5_I3_O)        0.326     7.249 r  sw_inst/led_writeData[8]_i_1/O
                         net (fo=1, routed)           0.000     7.249    ALUControl[0]
    SLICE_X2Y35          FDCE                                         r  led_writeData_reg[8]/D
  -------------------------------------------------------------------    -------------------

                         (clock sys_clk_pin rise edge)
                                                     10.000    10.000 r  
    W5                                                0.000    10.000 r  clk (IN)
                         net (fo=0)                   0.000    10.000    clk
    W5                   IBUF (Prop_ibuf_I_O)         1.388    11.388 r  clk_IBUF_inst/O
                         net (fo=1, routed)           1.862    13.250    clk_IBUF
    BUFGCTRL_X0Y0        BUFG (Prop_bufg_I_O)         0.091    13.341 r  clk_IBUF_BUFG_inst/O
                         net (fo=36, routed)          1.514    14.855    clk_IBUF_BUFG
    SLICE_X2Y35          FDCE                                         r  led_writeData_reg[8]/C
                         clock pessimism              0.260    15.115    
                         clock uncertainty           -0.035    15.080    
    SLICE_X2Y35          FDCE (Setup_fdce_C_D)        0.077    15.157    led_writeData_reg[8]
  -------------------------------------------------------------------
                         required time                         15.157    
                         arrival time                          -7.249    
  -------------------------------------------------------------------
                         slack                                  7.908    

Slack (MET) :             7.940ns  (required time - arrival time)
  Source:                 sw_inst/readData_reg[14]/C
                            (rising edge-triggered cell FDCE clocked by sys_clk_pin  {rise@0.000ns fall@5.000ns period=10.000ns})
  Destination:            led_writeData_reg[0]/D
                            (rising edge-triggered cell FDCE clocked by sys_clk_pin  {rise@0.000ns fall@5.000ns period=10.000ns})
  Path Group:             sys_clk_pin
  Path Type:              Setup (Max at Slow Process Corner)
  Requirement:            10.000ns  (sys_clk_pin rise@10.000ns - sys_clk_pin rise@0.000ns)
  Data Path Delay:        2.065ns  (logic 0.704ns (34.097%)  route 1.361ns (65.903%))
  Logic Levels:           2  (LUT3=1 LUT5=1)
  Clock Path Skew:        -0.037ns (DCD - SCD + CPR)
    Destination Clock Delay (DCD):    4.855ns = ( 14.855 - 10.000 ) 
    Source Clock Delay      (SCD):    5.152ns
    Clock Pessimism Removal (CPR):    0.260ns
  Clock Uncertainty:      0.035ns  ((TSJ^2 + TIJ^2)^1/2 + DJ) / 2 + PE
    Total System Jitter     (TSJ):    0.071ns
    Total Input Jitter      (TIJ):    0.000ns
    Discrete Jitter          (DJ):    0.000ns
    Phase Error              (PE):    0.000ns

    Location             Delay type                Incr(ns)  Path(ns)    Netlist Resource(s)
  -------------------------------------------------------------------    -------------------
                         (clock sys_clk_pin rise edge)
                                                      0.000     0.000 r  
    W5                                                0.000     0.000 r  clk (IN)
                         net (fo=0)                   0.000     0.000    clk
    W5                   IBUF (Prop_ibuf_I_O)         1.458     1.458 r  clk_IBUF_inst/O
                         net (fo=1, routed)           1.967     3.425    clk_IBUF
    BUFGCTRL_X0Y0        BUFG (Prop_bufg_I_O)         0.096     3.521 r  clk_IBUF_BUFG_inst/O
                         net (fo=36, routed)          1.631     5.152    sw_inst/clk_IBUF_BUFG
    SLICE_X4Y37          FDCE                                         r  sw_inst/readData_reg[14]/C
  -------------------------------------------------------------------    -------------------
    SLICE_X4Y37          FDCE (Prop_fdce_C_Q)         0.456     5.608 f  sw_inst/readData_reg[14]/Q
                         net (fo=7, routed)           0.830     6.438    sw_inst/sel0[6]
    SLICE_X3Y36          LUT5 (Prop_lut5_I4_O)        0.124     6.562 r  sw_inst/led_writeData[3]_i_2/O
                         net (fo=4, routed)           0.531     7.093    sw_inst/led_writeData[3]_i_2_n_0
    SLICE_X2Y36          LUT3 (Prop_lut3_I2_O)        0.124     7.217 r  sw_inst/led_writeData[0]_i_1/O
                         net (fo=1, routed)           0.000     7.217    uut_main/RegWrite
    SLICE_X2Y36          FDCE                                         r  led_writeData_reg[0]/D
  -------------------------------------------------------------------    -------------------

                         (clock sys_clk_pin rise edge)
                                                     10.000    10.000 r  
    W5                                                0.000    10.000 r  clk (IN)
                         net (fo=0)                   0.000    10.000    clk
    W5                   IBUF (Prop_ibuf_I_O)         1.388    11.388 r  clk_IBUF_inst/O
                         net (fo=1, routed)           1.862    13.250    clk_IBUF
    BUFGCTRL_X0Y0        BUFG (Prop_bufg_I_O)         0.091    13.341 r  clk_IBUF_BUFG_inst/O
                         net (fo=36, routed)          1.514    14.855    clk_IBUF_BUFG
    SLICE_X2Y36          FDCE                                         r  led_writeData_reg[0]/C
                         clock pessimism              0.260    15.115    
                         clock uncertainty           -0.035    15.080    
    SLICE_X2Y36          FDCE (Setup_fdce_C_D)        0.077    15.157    led_writeData_reg[0]
  -------------------------------------------------------------------
                         required time                         15.157    
                         arrival time                          -7.217    
  -------------------------------------------------------------------
                         slack                                  7.940    

Slack (MET) :             7.946ns  (required time - arrival time)
  Source:                 sw_inst/readData_reg[14]/C
                            (rising edge-triggered cell FDCE clocked by sys_clk_pin  {rise@0.000ns fall@5.000ns period=10.000ns})
  Destination:            led_writeData_reg[2]/D
                            (rising edge-triggered cell FDCE clocked by sys_clk_pin  {rise@0.000ns fall@5.000ns period=10.000ns})
  Path Group:             sys_clk_pin
  Path Type:              Setup (Max at Slow Process Corner)
  Requirement:            10.000ns  (sys_clk_pin rise@10.000ns - sys_clk_pin rise@0.000ns)
  Data Path Delay:        2.063ns  (logic 0.704ns (34.130%)  route 1.359ns (65.870%))
  Logic Levels:           2  (LUT3=1 LUT5=1)
  Clock Path Skew:        -0.037ns (DCD - SCD + CPR)
    Destination Clock Delay (DCD):    4.855ns = ( 14.855 - 10.000 ) 
    Source Clock Delay      (SCD):    5.152ns
    Clock Pessimism Removal (CPR):    0.260ns
  Clock Uncertainty:      0.035ns  ((TSJ^2 + TIJ^2)^1/2 + DJ) / 2 + PE
    Total System Jitter     (TSJ):    0.071ns
    Total Input Jitter      (TIJ):    0.000ns
    Discrete Jitter          (DJ):    0.000ns
    Phase Error              (PE):    0.000ns

    Location             Delay type                Incr(ns)  Path(ns)    Netlist Resource(s)
  -------------------------------------------------------------------    -------------------
                         (clock sys_clk_pin rise edge)
                                                      0.000     0.000 r  
    W5                                                0.000     0.000 r  clk (IN)
                         net (fo=0)                   0.000     0.000    clk
    W5                   IBUF (Prop_ibuf_I_O)         1.458     1.458 r  clk_IBUF_inst/O
                         net (fo=1, routed)           1.967     3.425    clk_IBUF
    BUFGCTRL_X0Y0        BUFG (Prop_bufg_I_O)         0.096     3.521 r  clk_IBUF_BUFG_inst/O
                         net (fo=36, routed)          1.631     5.152    sw_inst/clk_IBUF_BUFG
    SLICE_X4Y37          FDCE                                         r  sw_inst/readData_reg[14]/C
  -------------------------------------------------------------------    -------------------
    SLICE_X4Y37          FDCE (Prop_fdce_C_Q)         0.456     5.608 f  sw_inst/readData_reg[14]/Q
                         net (fo=7, routed)           0.830     6.438    sw_inst/sel0[6]
    SLICE_X3Y36          LUT5 (Prop_lut5_I4_O)        0.124     6.562 r  sw_inst/led_writeData[3]_i_2/O
                         net (fo=4, routed)           0.529     7.091    sw_inst/led_writeData[3]_i_2_n_0
    SLICE_X2Y36          LUT3 (Prop_lut3_I0_O)        0.124     7.215 r  sw_inst/led_writeData[2]_i_1/O
                         net (fo=1, routed)           0.000     7.215    uut_main/MemWrite
    SLICE_X2Y36          FDCE                                         r  led_writeData_reg[2]/D
  -------------------------------------------------------------------    -------------------

                         (clock sys_clk_pin rise edge)
                                                     10.000    10.000 r  
    W5                                                0.000    10.000 r  clk (IN)
                         net (fo=0)                   0.000    10.000    clk
    W5                   IBUF (Prop_ibuf_I_O)         1.388    11.388 r  clk_IBUF_inst/O
                         net (fo=1, routed)           1.862    13.250    clk_IBUF
    BUFGCTRL_X0Y0        BUFG (Prop_bufg_I_O)         0.091    13.341 r  clk_IBUF_BUFG_inst/O
                         net (fo=36, routed)          1.514    14.855    clk_IBUF_BUFG
    SLICE_X2Y36          FDCE                                         r  led_writeData_reg[2]/C
                         clock pessimism              0.260    15.115    
                         clock uncertainty           -0.035    15.080    
    SLICE_X2Y36          FDCE (Setup_fdce_C_D)        0.081    15.161    led_writeData_reg[2]
  -------------------------------------------------------------------
                         required time                         15.161    
                         arrival time                          -7.215    
  -------------------------------------------------------------------
                         slack                                  7.946    

Slack (MET) :             7.957ns  (required time - arrival time)
  Source:                 sw_inst/readData_reg[14]/C
                            (rising edge-triggered cell FDCE clocked by sys_clk_pin  {rise@0.000ns fall@5.000ns period=10.000ns})
  Destination:            led_writeData_reg[3]/D
                            (rising edge-triggered cell FDCE clocked by sys_clk_pin  {rise@0.000ns fall@5.000ns period=10.000ns})
  Path Group:             sys_clk_pin
  Path Type:              Setup (Max at Slow Process Corner)
  Requirement:            10.000ns  (sys_clk_pin rise@10.000ns - sys_clk_pin rise@0.000ns)
  Data Path Delay:        2.089ns  (logic 0.730ns (34.950%)  route 1.359ns (65.050%))
  Logic Levels:           2  (LUT3=1 LUT5=1)
  Clock Path Skew:        -0.037ns (DCD - SCD + CPR)
    Destination Clock Delay (DCD):    4.855ns = ( 14.855 - 10.000 ) 
    Source Clock Delay      (SCD):    5.152ns
    Clock Pessimism Removal (CPR):    0.260ns
  Clock Uncertainty:      0.035ns  ((TSJ^2 + TIJ^2)^1/2 + DJ) / 2 + PE
    Total System Jitter     (TSJ):    0.071ns
    Total Input Jitter      (TIJ):    0.000ns
    Discrete Jitter          (DJ):    0.000ns
    Phase Error              (PE):    0.000ns

    Location             Delay type                Incr(ns)  Path(ns)    Netlist Resource(s)
  -------------------------------------------------------------------    -------------------
                         (clock sys_clk_pin rise edge)
                                                      0.000     0.000 r  
    W5                                                0.000     0.000 r  clk (IN)
                         net (fo=0)                   0.000     0.000    clk
    W5                   IBUF (Prop_ibuf_I_O)         1.458     1.458 r  clk_IBUF_inst/O
                         net (fo=1, routed)           1.967     3.425    clk_IBUF
    BUFGCTRL_X0Y0        BUFG (Prop_bufg_I_O)         0.096     3.521 r  clk_IBUF_BUFG_inst/O
                         net (fo=36, routed)          1.631     5.152    sw_inst/clk_IBUF_BUFG
    SLICE_X4Y37          FDCE                                         r  sw_inst/readData_reg[14]/C
  -------------------------------------------------------------------    -------------------
    SLICE_X4Y37          FDCE (Prop_fdce_C_Q)         0.456     5.608 f  sw_inst/readData_reg[14]/Q
                         net (fo=7, routed)           0.830     6.438    sw_inst/sel0[6]
    SLICE_X3Y36          LUT5 (Prop_lut5_I4_O)        0.124     6.562 r  sw_inst/led_writeData[3]_i_2/O
                         net (fo=4, routed)           0.529     7.091    sw_inst/led_writeData[3]_i_2_n_0
    SLICE_X2Y36          LUT3 (Prop_lut3_I2_O)        0.150     7.241 r  sw_inst/led_writeData[3]_i_1/O
                         net (fo=1, routed)           0.000     7.241    uut_main/ALUSrc
    SLICE_X2Y36          FDCE                                         r  led_writeData_reg[3]/D
  -------------------------------------------------------------------    -------------------

                         (clock sys_clk_pin rise edge)
                                                     10.000    10.000 r  
    W5                                                0.000    10.000 r  clk (IN)
                         net (fo=0)                   0.000    10.000    clk
    W5                   IBUF (Prop_ibuf_I_O)         1.388    11.388 r  clk_IBUF_inst/O
                         net (fo=1, routed)           1.862    13.250    clk_IBUF
    BUFGCTRL_X0Y0        BUFG (Prop_bufg_I_O)         0.091    13.341 r  clk_IBUF_BUFG_inst/O
                         net (fo=36, routed)          1.514    14.855    clk_IBUF_BUFG
    SLICE_X2Y36          FDCE                                         r  led_writeData_reg[3]/C
                         clock pessimism              0.260    15.115    
                         clock uncertainty           -0.035    15.080    
    SLICE_X2Y36          FDCE (Setup_fdce_C_D)        0.118    15.198    led_writeData_reg[3]
  -------------------------------------------------------------------
                         required time                         15.198    
                         arrival time                          -7.241    
  -------------------------------------------------------------------
                         slack                                  7.957    

Slack (MET) :             7.957ns  (required time - arrival time)
  Source:                 sw_inst/readData_reg[14]/C
                            (rising edge-triggered cell FDCE clocked by sys_clk_pin  {rise@0.000ns fall@5.000ns period=10.000ns})
  Destination:            led_writeData_reg[1]/D
                            (rising edge-triggered cell FDCE clocked by sys_clk_pin  {rise@0.000ns fall@5.000ns period=10.000ns})
  Path Group:             sys_clk_pin
  Path Type:              Setup (Max at Slow Process Corner)
  Requirement:            10.000ns  (sys_clk_pin rise@10.000ns - sys_clk_pin rise@0.000ns)
  Data Path Delay:        2.089ns  (logic 0.728ns (34.854%)  route 1.361ns (65.146%))
  Logic Levels:           2  (LUT3=1 LUT5=1)
  Clock Path Skew:        -0.037ns (DCD - SCD + CPR)
    Destination Clock Delay (DCD):    4.855ns = ( 14.855 - 10.000 ) 
    Source Clock Delay      (SCD):    5.152ns
    Clock Pessimism Removal (CPR):    0.260ns
  Clock Uncertainty:      0.035ns  ((TSJ^2 + TIJ^2)^1/2 + DJ) / 2 + PE
    Total System Jitter     (TSJ):    0.071ns
    Total Input Jitter      (TIJ):    0.000ns
    Discrete Jitter          (DJ):    0.000ns
    Phase Error              (PE):    0.000ns

    Location             Delay type                Incr(ns)  Path(ns)    Netlist Resource(s)
  -------------------------------------------------------------------    -------------------
                         (clock sys_clk_pin rise edge)
                                                      0.000     0.000 r  
    W5                                                0.000     0.000 r  clk (IN)
                         net (fo=0)                   0.000     0.000    clk
    W5                   IBUF (Prop_ibuf_I_O)         1.458     1.458 r  clk_IBUF_inst/O
                         net (fo=1, routed)           1.967     3.425    clk_IBUF
    BUFGCTRL_X0Y0        BUFG (Prop_bufg_I_O)         0.096     3.521 r  clk_IBUF_BUFG_inst/O
                         net (fo=36, routed)          1.631     5.152    sw_inst/clk_IBUF_BUFG
    SLICE_X4Y37          FDCE                                         r  sw_inst/readData_reg[14]/C
  -------------------------------------------------------------------    -------------------
    SLICE_X4Y37          FDCE (Prop_fdce_C_Q)         0.456     5.608 f  sw_inst/readData_reg[14]/Q
                         net (fo=7, routed)           0.830     6.438    sw_inst/sel0[6]
    SLICE_X3Y36          LUT5 (Prop_lut5_I4_O)        0.124     6.562 r  sw_inst/led_writeData[3]_i_2/O
                         net (fo=4, routed)           0.531     7.093    sw_inst/led_writeData[3]_i_2_n_0
    SLICE_X2Y36          LUT3 (Prop_lut3_I2_O)        0.148     7.241 r  sw_inst/led_writeData[1]_i_1/O
                         net (fo=1, routed)           0.000     7.241    uut_main/MemRead
    SLICE_X2Y36          FDCE                                         r  led_writeData_reg[1]/D
  -------------------------------------------------------------------    -------------------

                         (clock sys_clk_pin rise edge)
                                                     10.000    10.000 r  
    W5                                                0.000    10.000 r  clk (IN)
                         net (fo=0)                   0.000    10.000    clk
    W5                   IBUF (Prop_ibuf_I_O)         1.388    11.388 r  clk_IBUF_inst/O
                         net (fo=1, routed)           1.862    13.250    clk_IBUF
    BUFGCTRL_X0Y0        BUFG (Prop_bufg_I_O)         0.091    13.341 r  clk_IBUF_BUFG_inst/O
                         net (fo=36, routed)          1.514    14.855    clk_IBUF_BUFG
    SLICE_X2Y36          FDCE                                         r  led_writeData_reg[1]/C
                         clock pessimism              0.260    15.115    
                         clock uncertainty           -0.035    15.080    
    SLICE_X2Y36          FDCE (Setup_fdce_C_D)        0.118    15.198    led_writeData_reg[1]
  -------------------------------------------------------------------
                         required time                         15.198    
                         arrival time                          -7.241    
  -------------------------------------------------------------------
                         slack                                  7.957    

Slack (MET) :             8.187ns  (required time - arrival time)
  Source:                 sw_inst/readData_reg[12]/C
                            (rising edge-triggered cell FDCE clocked by sys_clk_pin  {rise@0.000ns fall@5.000ns period=10.000ns})
  Destination:            led_writeData_reg[7]/D
                            (rising edge-triggered cell FDCE clocked by sys_clk_pin  {rise@0.000ns fall@5.000ns period=10.000ns})
  Path Group:             sys_clk_pin
  Path Type:              Setup (Max at Slow Process Corner)
  Requirement:            10.000ns  (sys_clk_pin rise@10.000ns - sys_clk_pin rise@0.000ns)
  Data Path Delay:        1.772ns  (logic 0.580ns (32.734%)  route 1.192ns (67.266%))
  Logic Levels:           1  (LUT6=1)
  Clock Path Skew:        -0.037ns (DCD - SCD + CPR)
    Destination Clock Delay (DCD):    4.855ns = ( 14.855 - 10.000 ) 
    Source Clock Delay      (SCD):    5.152ns
    Clock Pessimism Removal (CPR):    0.260ns
  Clock Uncertainty:      0.035ns  ((TSJ^2 + TIJ^2)^1/2 + DJ) / 2 + PE
    Total System Jitter     (TSJ):    0.071ns
    Total Input Jitter      (TIJ):    0.000ns
    Discrete Jitter          (DJ):    0.000ns
    Phase Error              (PE):    0.000ns

    Location             Delay type                Incr(ns)  Path(ns)    Netlist Resource(s)
  -------------------------------------------------------------------    -------------------
                         (clock sys_clk_pin rise edge)
                                                      0.000     0.000 r  
    W5                                                0.000     0.000 r  clk (IN)
                         net (fo=0)                   0.000     0.000    clk
    W5                   IBUF (Prop_ibuf_I_O)         1.458     1.458 r  clk_IBUF_inst/O
                         net (fo=1, routed)           1.967     3.425    clk_IBUF
    BUFGCTRL_X0Y0        BUFG (Prop_bufg_I_O)         0.096     3.521 r  clk_IBUF_BUFG_inst/O
                         net (fo=36, routed)          1.631     5.152    sw_inst/clk_IBUF_BUFG
    SLICE_X4Y37          FDCE                                         r  sw_inst/readData_reg[12]/C
  -------------------------------------------------------------------    -------------------
    SLICE_X4Y37          FDCE (Prop_fdce_C_Q)         0.456     5.608 r  sw_inst/readData_reg[12]/Q
                         net (fo=10, routed)          1.192     6.800    sw_inst/sel0[4]
    SLICE_X3Y35          LUT6 (Prop_lut6_I5_O)        0.124     6.924 r  sw_inst/led_writeData[7]_i_1/O
                         net (fo=1, routed)           0.000     6.924    ALUOp[1]
    SLICE_X3Y35          FDCE                                         r  led_writeData_reg[7]/D
  -------------------------------------------------------------------    -------------------

                         (clock sys_clk_pin rise edge)
                                                     10.000    10.000 r  
    W5                                                0.000    10.000 r  clk (IN)
                         net (fo=0)                   0.000    10.000    clk
    W5                   IBUF (Prop_ibuf_I_O)         1.388    11.388 r  clk_IBUF_inst/O
                         net (fo=1, routed)           1.862    13.250    clk_IBUF
    BUFGCTRL_X0Y0        BUFG (Prop_bufg_I_O)         0.091    13.341 r  clk_IBUF_BUFG_inst/O
                         net (fo=36, routed)          1.514    14.855    clk_IBUF_BUFG
    SLICE_X3Y35          FDCE                                         r  led_writeData_reg[7]/C
                         clock pessimism              0.260    15.115    
                         clock uncertainty           -0.035    15.080    
    SLICE_X3Y35          FDCE (Setup_fdce_C_D)        0.031    15.111    led_writeData_reg[7]
  -------------------------------------------------------------------
                         required time                         15.111    
                         arrival time                          -6.924    
  -------------------------------------------------------------------
                         slack                                  8.187    

Slack (MET) :             8.232ns  (required time - arrival time)
  Source:                 sw_inst/readData_reg[12]/C
                            (rising edge-triggered cell FDCE clocked by sys_clk_pin  {rise@0.000ns fall@5.000ns period=10.000ns})
  Destination:            led_writeData_reg[4]/D
                            (rising edge-triggered cell FDCE clocked by sys_clk_pin  {rise@0.000ns fall@5.000ns period=10.000ns})
  Path Group:             sys_clk_pin
  Path Type:              Setup (Max at Slow Process Corner)
  Requirement:            10.000ns  (sys_clk_pin rise@10.000ns - sys_clk_pin rise@0.000ns)
  Data Path Delay:        1.724ns  (logic 0.580ns (33.634%)  route 1.144ns (66.366%))
  Logic Levels:           1  (LUT6=1)
  Clock Path Skew:        -0.037ns (DCD - SCD + CPR)
    Destination Clock Delay (DCD):    4.855ns = ( 14.855 - 10.000 ) 
    Source Clock Delay      (SCD):    5.152ns
    Clock Pessimism Removal (CPR):    0.260ns
  Clock Uncertainty:      0.035ns  ((TSJ^2 + TIJ^2)^1/2 + DJ) / 2 + PE
    Total System Jitter     (TSJ):    0.071ns
    Total Input Jitter      (TIJ):    0.000ns
    Discrete Jitter          (DJ):    0.000ns
    Phase Error              (PE):    0.000ns

    Location             Delay type                Incr(ns)  Path(ns)    Netlist Resource(s)
  -------------------------------------------------------------------    -------------------
                         (clock sys_clk_pin rise edge)
                                                      0.000     0.000 r  
    W5                                                0.000     0.000 r  clk (IN)
                         net (fo=0)                   0.000     0.000    clk
    W5                   IBUF (Prop_ibuf_I_O)         1.458     1.458 r  clk_IBUF_inst/O
                         net (fo=1, routed)           1.967     3.425    clk_IBUF
    BUFGCTRL_X0Y0        BUFG (Prop_bufg_I_O)         0.096     3.521 r  clk_IBUF_BUFG_inst/O
                         net (fo=36, routed)          1.631     5.152    sw_inst/clk_IBUF_BUFG
    SLICE_X4Y37          FDCE                                         r  sw_inst/readData_reg[12]/C
  -------------------------------------------------------------------    -------------------
    SLICE_X4Y37          FDCE (Prop_fdce_C_Q)         0.456     5.608 f  sw_inst/readData_reg[12]/Q
                         net (fo=10, routed)          1.144     6.753    sw_inst/sel0[4]
    SLICE_X3Y35          LUT6 (Prop_lut6_I5_O)        0.124     6.877 r  sw_inst/led_writeData[4]_i_1/O
                         net (fo=1, routed)           0.000     6.877    uut_main/MemtoReg
    SLICE_X3Y35          FDCE                                         r  led_writeData_reg[4]/D
  -------------------------------------------------------------------    -------------------

                         (clock sys_clk_pin rise edge)
                                                     10.000    10.000 r  
    W5                                                0.000    10.000 r  clk (IN)
                         net (fo=0)                   0.000    10.000    clk
    W5                   IBUF (Prop_ibuf_I_O)         1.388    11.388 r  clk_IBUF_inst/O
                         net (fo=1, routed)           1.862    13.250    clk_IBUF
    BUFGCTRL_X0Y0        BUFG (Prop_bufg_I_O)         0.091    13.341 r  clk_IBUF_BUFG_inst/O
                         net (fo=36, routed)          1.514    14.855    clk_IBUF_BUFG
    SLICE_X3Y35          FDCE                                         r  led_writeData_reg[4]/C
                         clock pessimism              0.260    15.115    
                         clock uncertainty           -0.035    15.080    
    SLICE_X3Y35          FDCE (Setup_fdce_C_D)        0.029    15.109    led_writeData_reg[4]
  -------------------------------------------------------------------
                         required time                         15.109    
                         arrival time                          -6.877    
  -------------------------------------------------------------------
                         slack                                  8.232    





Min Delay Paths
--------------------------------------------------------------------------------------
Slack (MET) :             0.181ns  (arrival time - required time)
  Source:                 led_writeData_reg[8]/C
                            (rising edge-triggered cell FDCE clocked by sys_clk_pin  {rise@0.000ns fall@5.000ns period=10.000ns})
  Destination:            led_inst/leds_reg[8]/D
                            (rising edge-triggered cell FDCE clocked by sys_clk_pin  {rise@0.000ns fall@5.000ns period=10.000ns})
  Path Group:             sys_clk_pin
  Path Type:              Hold (Min at Fast Process Corner)
  Requirement:            0.000ns  (sys_clk_pin rise@0.000ns - sys_clk_pin rise@0.000ns)
  Data Path Delay:        0.267ns  (logic 0.164ns (61.436%)  route 0.103ns (38.564%))
  Logic Levels:           0  
  Clock Path Skew:        0.014ns (DCD - SCD - CPR)
    Destination Clock Delay (DCD):    1.987ns
    Source Clock Delay      (SCD):    1.474ns
    Clock Pessimism Removal (CPR):    0.499ns

    Location             Delay type                Incr(ns)  Path(ns)    Netlist Resource(s)
  -------------------------------------------------------------------    -------------------
                         (clock sys_clk_pin rise edge)
                                                      0.000     0.000 r  
    W5                                                0.000     0.000 r  clk (IN)
                         net (fo=0)                   0.000     0.000    clk
    W5                   IBUF (Prop_ibuf_I_O)         0.226     0.226 r  clk_IBUF_inst/O
                         net (fo=1, routed)           0.631     0.858    clk_IBUF
    BUFGCTRL_X0Y0        BUFG (Prop_bufg_I_O)         0.026     0.884 r  clk_IBUF_BUFG_inst/O
                         net (fo=36, routed)          0.591     1.474    clk_IBUF_BUFG
    SLICE_X2Y35          FDCE                                         r  led_writeData_reg[8]/C
  -------------------------------------------------------------------    -------------------
    SLICE_X2Y35          FDCE (Prop_fdce_C_Q)         0.164     1.638 r  led_writeData_reg[8]/Q
                         net (fo=1, routed)           0.103     1.741    led_inst/leds_reg[10]_0[7]
    SLICE_X0Y34          FDCE                                         r  led_inst/leds_reg[8]/D
  -------------------------------------------------------------------    -------------------

                         (clock sys_clk_pin rise edge)
                                                      0.000     0.000 r  
    W5                                                0.000     0.000 r  clk (IN)
                         net (fo=0)                   0.000     0.000    clk
    W5                   IBUF (Prop_ibuf_I_O)         0.414     0.414 r  clk_IBUF_inst/O
                         net (fo=1, routed)           0.685     1.099    clk_IBUF
    BUFGCTRL_X0Y0        BUFG (Prop_bufg_I_O)         0.029     1.128 r  clk_IBUF_BUFG_inst/O
                         net (fo=36, routed)          0.860     1.987    led_inst/clk_IBUF_BUFG
    SLICE_X0Y34          FDCE                                         r  led_inst/leds_reg[8]/C
                         clock pessimism             -0.499     1.488    
    SLICE_X0Y34          FDCE (Hold_fdce_C_D)         0.072     1.560    led_inst/leds_reg[8]
  -------------------------------------------------------------------
                         required time                         -1.560    
                         arrival time                           1.741    
  -------------------------------------------------------------------
                         slack                                  0.181    

Slack (MET) :             0.210ns  (arrival time - required time)
  Source:                 FSM_onehot_state_reg[2]/C
                            (rising edge-triggered cell FDCE clocked by sys_clk_pin  {rise@0.000ns fall@5.000ns period=10.000ns})
  Destination:            led_writeEnable_reg/D
                            (rising edge-triggered cell FDCE clocked by sys_clk_pin  {rise@0.000ns fall@5.000ns period=10.000ns})
  Path Group:             sys_clk_pin
  Path Type:              Hold (Min at Fast Process Corner)
  Requirement:            0.000ns  (sys_clk_pin rise@0.000ns - sys_clk_pin rise@0.000ns)
  Data Path Delay:        0.295ns  (logic 0.141ns (47.806%)  route 0.154ns (52.194%))
  Logic Levels:           0  
  Clock Path Skew:        0.015ns (DCD - SCD - CPR)
    Destination Clock Delay (DCD):    1.988ns
    Source Clock Delay      (SCD):    1.474ns
    Clock Pessimism Removal (CPR):    0.499ns

    Location             Delay type                Incr(ns)  Path(ns)    Netlist Resource(s)
  -------------------------------------------------------------------    -------------------
                         (clock sys_clk_pin rise edge)
                                                      0.000     0.000 r  
    W5                                                0.000     0.000 r  clk (IN)
                         net (fo=0)                   0.000     0.000    clk
    W5                   IBUF (Prop_ibuf_I_O)         0.226     0.226 r  clk_IBUF_inst/O
                         net (fo=1, routed)           0.631     0.858    clk_IBUF
    BUFGCTRL_X0Y0        BUFG (Prop_bufg_I_O)         0.026     0.884 r  clk_IBUF_BUFG_inst/O
                         net (fo=36, routed)          0.591     1.474    clk_IBUF_BUFG
    SLICE_X0Y35          FDCE                                         r  FSM_onehot_state_reg[2]/C
  -------------------------------------------------------------------    -------------------
    SLICE_X0Y35          FDCE (Prop_fdce_C_Q)         0.141     1.615 r  FSM_onehot_state_reg[2]/Q
                         net (fo=12, routed)          0.154     1.769    led_writeData
    SLICE_X0Y36          FDCE                                         r  led_writeEnable_reg/D
  -------------------------------------------------------------------    -------------------

                         (clock sys_clk_pin rise edge)
                                                      0.000     0.000 r  
    W5                                                0.000     0.000 r  clk (IN)
                         net (fo=0)                   0.000     0.000    clk
    W5                   IBUF (Prop_ibuf_I_O)         0.414     0.414 r  clk_IBUF_inst/O
                         net (fo=1, routed)           0.685     1.099    clk_IBUF
    BUFGCTRL_X0Y0        BUFG (Prop_bufg_I_O)         0.029     1.128 r  clk_IBUF_BUFG_inst/O
                         net (fo=36, routed)          0.861     1.988    clk_IBUF_BUFG
    SLICE_X0Y36          FDCE                                         r  led_writeEnable_reg/C
                         clock pessimism             -0.499     1.489    
    SLICE_X0Y36          FDCE (Hold_fdce_C_D)         0.070     1.559    led_writeEnable_reg
  -------------------------------------------------------------------
                         required time                         -1.559    
                         arrival time                           1.769    
  -------------------------------------------------------------------
                         slack                                  0.210    

Slack (MET) :             0.217ns  (arrival time - required time)
  Source:                 led_writeData_reg[7]/C
                            (rising edge-triggered cell FDCE clocked by sys_clk_pin  {rise@0.000ns fall@5.000ns period=10.000ns})
  Destination:            led_inst/leds_reg[7]/D
                            (rising edge-triggered cell FDCE clocked by sys_clk_pin  {rise@0.000ns fall@5.000ns period=10.000ns})
  Path Group:             sys_clk_pin
  Path Type:              Hold (Min at Fast Process Corner)
  Requirement:            0.000ns  (sys_clk_pin rise@0.000ns - sys_clk_pin rise@0.000ns)
  Data Path Delay:        0.299ns  (logic 0.141ns (47.099%)  route 0.158ns (52.901%))
  Logic Levels:           0  
  Clock Path Skew:        0.012ns (DCD - SCD - CPR)
    Destination Clock Delay (DCD):    1.985ns
    Source Clock Delay      (SCD):    1.474ns
    Clock Pessimism Removal (CPR):    0.499ns

    Location             Delay type                Incr(ns)  Path(ns)    Netlist Resource(s)
  -------------------------------------------------------------------    -------------------
                         (clock sys_clk_pin rise edge)
                                                      0.000     0.000 r  
    W5                                                0.000     0.000 r  clk (IN)
                         net (fo=0)                   0.000     0.000    clk
    W5                   IBUF (Prop_ibuf_I_O)         0.226     0.226 r  clk_IBUF_inst/O
                         net (fo=1, routed)           0.631     0.858    clk_IBUF
    BUFGCTRL_X0Y0        BUFG (Prop_bufg_I_O)         0.026     0.884 r  clk_IBUF_BUFG_inst/O
                         net (fo=36, routed)          0.591     1.474    clk_IBUF_BUFG
    SLICE_X3Y35          FDCE                                         r  led_writeData_reg[7]/C
  -------------------------------------------------------------------    -------------------
    SLICE_X3Y35          FDCE (Prop_fdce_C_Q)         0.141     1.615 r  led_writeData_reg[7]/Q
                         net (fo=1, routed)           0.158     1.773    led_inst/leds_reg[10]_0[6]
    SLICE_X0Y32          FDCE                                         r  led_inst/leds_reg[7]/D
  -------------------------------------------------------------------    -------------------

                         (clock sys_clk_pin rise edge)
                                                      0.000     0.000 r  
    W5                                                0.000     0.000 r  clk (IN)
                         net (fo=0)                   0.000     0.000    clk
    W5                   IBUF (Prop_ibuf_I_O)         0.414     0.414 r  clk_IBUF_inst/O
                         net (fo=1, routed)           0.685     1.099    clk_IBUF
    BUFGCTRL_X0Y0        BUFG (Prop_bufg_I_O)         0.029     1.128 r  clk_IBUF_BUFG_inst/O
                         net (fo=36, routed)          0.858     1.985    led_inst/clk_IBUF_BUFG
    SLICE_X0Y32          FDCE                                         r  led_inst/leds_reg[7]/C
                         clock pessimism             -0.499     1.486    
    SLICE_X0Y32          FDCE (Hold_fdce_C_D)         0.070     1.556    led_inst/leds_reg[7]
  -------------------------------------------------------------------
                         required time                         -1.556    
                         arrival time                           1.773    
  -------------------------------------------------------------------
                         slack                                  0.217    

Slack (MET) :             0.231ns  (arrival time - required time)
  Source:                 led_writeData_reg[6]/C
                            (rising edge-triggered cell FDCE clocked by sys_clk_pin  {rise@0.000ns fall@5.000ns period=10.000ns})
  Destination:            led_inst/leds_reg[6]_lopt_replica/D
                            (rising edge-triggered cell FDCE clocked by sys_clk_pin  {rise@0.000ns fall@5.000ns period=10.000ns})
  Path Group:             sys_clk_pin
  Path Type:              Hold (Min at Fast Process Corner)
  Requirement:            0.000ns  (sys_clk_pin rise@0.000ns - sys_clk_pin rise@0.000ns)
  Data Path Delay:        0.309ns  (logic 0.141ns (45.570%)  route 0.168ns (54.430%))
  Logic Levels:           0  
  Clock Path Skew:        0.012ns (DCD - SCD - CPR)
    Destination Clock Delay (DCD):    1.985ns
    Source Clock Delay      (SCD):    1.474ns
    Clock Pessimism Removal (CPR):    0.499ns

    Location             Delay type                Incr(ns)  Path(ns)    Netlist Resource(s)
  -------------------------------------------------------------------    -------------------
                         (clock sys_clk_pin rise edge)
                                                      0.000     0.000 r  
    W5                                                0.000     0.000 r  clk (IN)
                         net (fo=0)                   0.000     0.000    clk
    W5                   IBUF (Prop_ibuf_I_O)         0.226     0.226 r  clk_IBUF_inst/O
                         net (fo=1, routed)           0.631     0.858    clk_IBUF
    BUFGCTRL_X0Y0        BUFG (Prop_bufg_I_O)         0.026     0.884 r  clk_IBUF_BUFG_inst/O
                         net (fo=36, routed)          0.591     1.474    clk_IBUF_BUFG
    SLICE_X3Y35          FDCE                                         r  led_writeData_reg[6]/C
  -------------------------------------------------------------------    -------------------
    SLICE_X3Y35          FDCE (Prop_fdce_C_Q)         0.141     1.615 r  led_writeData_reg[6]/Q
                         net (fo=2, routed)           0.168     1.784    led_inst/leds_reg[10]_0[5]
    SLICE_X0Y32          FDCE                                         r  led_inst/leds_reg[6]_lopt_replica/D
  -------------------------------------------------------------------    -------------------

                         (clock sys_clk_pin rise edge)
                                                      0.000     0.000 r  
    W5                                                0.000     0.000 r  clk (IN)
                         net (fo=0)                   0.000     0.000    clk
    W5                   IBUF (Prop_ibuf_I_O)         0.414     0.414 r  clk_IBUF_inst/O
                         net (fo=1, routed)           0.685     1.099    clk_IBUF
    BUFGCTRL_X0Y0        BUFG (Prop_bufg_I_O)         0.029     1.128 r  clk_IBUF_BUFG_inst/O
                         net (fo=36, routed)          0.858     1.985    led_inst/clk_IBUF_BUFG
    SLICE_X0Y32          FDCE                                         r  led_inst/leds_reg[6]_lopt_replica/C
                         clock pessimism             -0.499     1.486    
    SLICE_X0Y32          FDCE (Hold_fdce_C_D)         0.066     1.552    led_inst/leds_reg[6]_lopt_replica
  -------------------------------------------------------------------
                         required time                         -1.552    
                         arrival time                           1.784    
  -------------------------------------------------------------------
                         slack                                  0.231    

Slack (MET) :             0.232ns  (arrival time - required time)
  Source:                 FSM_onehot_state_reg[2]/C
                            (rising edge-triggered cell FDCE clocked by sys_clk_pin  {rise@0.000ns fall@5.000ns period=10.000ns})
  Destination:            FSM_onehot_state_reg[0]/D
                            (rising edge-triggered cell FDPE clocked by sys_clk_pin  {rise@0.000ns fall@5.000ns period=10.000ns})
  Path Group:             sys_clk_pin
  Path Type:              Hold (Min at Fast Process Corner)
  Requirement:            0.000ns  (sys_clk_pin rise@0.000ns - sys_clk_pin rise@0.000ns)
  Data Path Delay:        0.302ns  (logic 0.141ns (46.636%)  route 0.161ns (53.364%))
  Logic Levels:           0  
  Clock Path Skew:        0.000ns (DCD - SCD - CPR)
    Destination Clock Delay (DCD):    1.988ns
    Source Clock Delay      (SCD):    1.474ns
    Clock Pessimism Removal (CPR):    0.514ns

    Location             Delay type                Incr(ns)  Path(ns)    Netlist Resource(s)
  -------------------------------------------------------------------    -------------------
                         (clock sys_clk_pin rise edge)
                                                      0.000     0.000 r  
    W5                                                0.000     0.000 r  clk (IN)
                         net (fo=0)                   0.000     0.000    clk
    W5                   IBUF (Prop_ibuf_I_O)         0.226     0.226 r  clk_IBUF_inst/O
                         net (fo=1, routed)           0.631     0.858    clk_IBUF
    BUFGCTRL_X0Y0        BUFG (Prop_bufg_I_O)         0.026     0.884 r  clk_IBUF_BUFG_inst/O
                         net (fo=36, routed)          0.591     1.474    clk_IBUF_BUFG
    SLICE_X0Y35          FDCE                                         r  FSM_onehot_state_reg[2]/C
  -------------------------------------------------------------------    -------------------
    SLICE_X0Y35          FDCE (Prop_fdce_C_Q)         0.141     1.615 r  FSM_onehot_state_reg[2]/Q
                         net (fo=12, routed)          0.161     1.776    led_writeData
    SLICE_X0Y35          FDPE                                         r  FSM_onehot_state_reg[0]/D
  -------------------------------------------------------------------    -------------------

                         (clock sys_clk_pin rise edge)
                                                      0.000     0.000 r  
    W5                                                0.000     0.000 r  clk (IN)
                         net (fo=0)                   0.000     0.000    clk
    W5                   IBUF (Prop_ibuf_I_O)         0.414     0.414 r  clk_IBUF_inst/O
                         net (fo=1, routed)           0.685     1.099    clk_IBUF
    BUFGCTRL_X0Y0        BUFG (Prop_bufg_I_O)         0.029     1.128 r  clk_IBUF_BUFG_inst/O
                         net (fo=36, routed)          0.861     1.988    clk_IBUF_BUFG
    SLICE_X0Y35          FDPE                                         r  FSM_onehot_state_reg[0]/C
                         clock pessimism             -0.514     1.474    
    SLICE_X0Y35          FDPE (Hold_fdpe_C_D)         0.070     1.544    FSM_onehot_state_reg[0]
  -------------------------------------------------------------------
                         required time                         -1.544    
                         arrival time                           1.776    
  -------------------------------------------------------------------
                         slack                                  0.232    

Slack (MET) :             0.233ns  (arrival time - required time)
  Source:                 led_writeData_reg[0]/C
                            (rising edge-triggered cell FDCE clocked by sys_clk_pin  {rise@0.000ns fall@5.000ns period=10.000ns})
  Destination:            led_inst/leds_reg[0]/D
                            (rising edge-triggered cell FDCE clocked by sys_clk_pin  {rise@0.000ns fall@5.000ns period=10.000ns})
  Path Group:             sys_clk_pin
  Path Type:              Hold (Min at Fast Process Corner)
  Requirement:            0.000ns  (sys_clk_pin rise@0.000ns - sys_clk_pin rise@0.000ns)
  Data Path Delay:        0.317ns  (logic 0.164ns (51.712%)  route 0.153ns (48.288%))
  Logic Levels:           0  
  Clock Path Skew:        0.014ns (DCD - SCD - CPR)
    Destination Clock Delay (DCD):    1.987ns
    Source Clock Delay      (SCD):    1.474ns
    Clock Pessimism Removal (CPR):    0.499ns

    Location             Delay type                Incr(ns)  Path(ns)    Netlist Resource(s)
  -------------------------------------------------------------------    -------------------
                         (clock sys_clk_pin rise edge)
                                                      0.000     0.000 r  
    W5                                                0.000     0.000 r  clk (IN)
                         net (fo=0)                   0.000     0.000    clk
    W5                   IBUF (Prop_ibuf_I_O)         0.226     0.226 r  clk_IBUF_inst/O
                         net (fo=1, routed)           0.631     0.858    clk_IBUF
    BUFGCTRL_X0Y0        BUFG (Prop_bufg_I_O)         0.026     0.884 r  clk_IBUF_BUFG_inst/O
                         net (fo=36, routed)          0.591     1.474    clk_IBUF_BUFG
    SLICE_X2Y36          FDCE                                         r  led_writeData_reg[0]/C
  -------------------------------------------------------------------    -------------------
    SLICE_X2Y36          FDCE (Prop_fdce_C_Q)         0.164     1.638 r  led_writeData_reg[0]/Q
                         net (fo=1, routed)           0.153     1.791    led_inst/leds_reg[10]_0[0]
    SLICE_X1Y34          FDCE                                         r  led_inst/leds_reg[0]/D
  -------------------------------------------------------------------    -------------------

                         (clock sys_clk_pin rise edge)
                                                      0.000     0.000 r  
    W5                                                0.000     0.000 r  clk (IN)
                         net (fo=0)                   0.000     0.000    clk
    W5                   IBUF (Prop_ibuf_I_O)         0.414     0.414 r  clk_IBUF_inst/O
                         net (fo=1, routed)           0.685     1.099    clk_IBUF
    BUFGCTRL_X0Y0        BUFG (Prop_bufg_I_O)         0.029     1.128 r  clk_IBUF_BUFG_inst/O
                         net (fo=36, routed)          0.860     1.987    led_inst/clk_IBUF_BUFG
    SLICE_X1Y34          FDCE                                         r  led_inst/leds_reg[0]/C
                         clock pessimism             -0.499     1.488    
    SLICE_X1Y34          FDCE (Hold_fdce_C_D)         0.070     1.558    led_inst/leds_reg[0]
  -------------------------------------------------------------------
                         required time                         -1.558    
                         arrival time                           1.791    
  -------------------------------------------------------------------
                         slack                                  0.233    

Slack (MET) :             0.243ns  (arrival time - required time)
  Source:                 FSM_onehot_state_reg[1]/C
                            (rising edge-triggered cell FDCE clocked by sys_clk_pin  {rise@0.000ns fall@5.000ns period=10.000ns})
  Destination:            FSM_onehot_state_reg[2]/D
                            (rising edge-triggered cell FDCE clocked by sys_clk_pin  {rise@0.000ns fall@5.000ns period=10.000ns})
  Path Group:             sys_clk_pin
  Path Type:              Hold (Min at Fast Process Corner)
  Requirement:            0.000ns  (sys_clk_pin rise@0.000ns - sys_clk_pin rise@0.000ns)
  Data Path Delay:        0.313ns  (logic 0.141ns (45.034%)  route 0.172ns (54.966%))
  Logic Levels:           0  
  Clock Path Skew:        0.000ns (DCD - SCD - CPR)
    Destination Clock Delay (DCD):    1.988ns
    Source Clock Delay      (SCD):    1.474ns
    Clock Pessimism Removal (CPR):    0.514ns

    Location             Delay type                Incr(ns)  Path(ns)    Netlist Resource(s)
  -------------------------------------------------------------------    -------------------
                         (clock sys_clk_pin rise edge)
                                                      0.000     0.000 r  
    W5                                                0.000     0.000 r  clk (IN)
                         net (fo=0)                   0.000     0.000    clk
    W5                   IBUF (Prop_ibuf_I_O)         0.226     0.226 r  clk_IBUF_inst/O
                         net (fo=1, routed)           0.631     0.858    clk_IBUF
    BUFGCTRL_X0Y0        BUFG (Prop_bufg_I_O)         0.026     0.884 r  clk_IBUF_BUFG_inst/O
                         net (fo=36, routed)          0.591     1.474    clk_IBUF_BUFG
    SLICE_X0Y35          FDCE                                         r  FSM_onehot_state_reg[1]/C
  -------------------------------------------------------------------    -------------------
    SLICE_X0Y35          FDCE (Prop_fdce_C_Q)         0.141     1.615 r  FSM_onehot_state_reg[1]/Q
                         net (fo=1, routed)           0.172     1.787    FSM_onehot_state_reg_n_0_[1]
    SLICE_X0Y35          FDCE                                         r  FSM_onehot_state_reg[2]/D
  -------------------------------------------------------------------    -------------------

                         (clock sys_clk_pin rise edge)
                                                      0.000     0.000 r  
    W5                                                0.000     0.000 r  clk (IN)
                         net (fo=0)                   0.000     0.000    clk
    W5                   IBUF (Prop_ibuf_I_O)         0.414     0.414 r  clk_IBUF_inst/O
                         net (fo=1, routed)           0.685     1.099    clk_IBUF
    BUFGCTRL_X0Y0        BUFG (Prop_bufg_I_O)         0.029     1.128 r  clk_IBUF_BUFG_inst/O
                         net (fo=36, routed)          0.861     1.988    clk_IBUF_BUFG
    SLICE_X0Y35          FDCE                                         r  FSM_onehot_state_reg[2]/C
                         clock pessimism             -0.514     1.474    
    SLICE_X0Y35          FDCE (Hold_fdce_C_D)         0.070     1.544    FSM_onehot_state_reg[2]
  -------------------------------------------------------------------
                         required time                         -1.544    
                         arrival time                           1.787    
  -------------------------------------------------------------------
                         slack                                  0.243    

Slack (MET) :             0.246ns  (arrival time - required time)
  Source:                 led_writeData_reg[2]/C
                            (rising edge-triggered cell FDCE clocked by sys_clk_pin  {rise@0.000ns fall@5.000ns period=10.000ns})
  Destination:            led_inst/leds_reg[2]/D
                            (rising edge-triggered cell FDCE clocked by sys_clk_pin  {rise@0.000ns fall@5.000ns period=10.000ns})
  Path Group:             sys_clk_pin
  Path Type:              Hold (Min at Fast Process Corner)
  Requirement:            0.000ns  (sys_clk_pin rise@0.000ns - sys_clk_pin rise@0.000ns)
  Data Path Delay:        0.330ns  (logic 0.164ns (49.697%)  route 0.166ns (50.303%))
  Logic Levels:           0  
  Clock Path Skew:        0.014ns (DCD - SCD - CPR)
    Destination Clock Delay (DCD):    1.987ns
    Source Clock Delay      (SCD):    1.474ns
    Clock Pessimism Removal (CPR):    0.499ns

    Location             Delay type                Incr(ns)  Path(ns)    Netlist Resource(s)
  -------------------------------------------------------------------    -------------------
                         (clock sys_clk_pin rise edge)
                                                      0.000     0.000 r  
    W5                                                0.000     0.000 r  clk (IN)
                         net (fo=0)                   0.000     0.000    clk
    W5                   IBUF (Prop_ibuf_I_O)         0.226     0.226 r  clk_IBUF_inst/O
                         net (fo=1, routed)           0.631     0.858    clk_IBUF
    BUFGCTRL_X0Y0        BUFG (Prop_bufg_I_O)         0.026     0.884 r  clk_IBUF_BUFG_inst/O
                         net (fo=36, routed)          0.591     1.474    clk_IBUF_BUFG
    SLICE_X2Y36          FDCE                                         r  led_writeData_reg[2]/C
  -------------------------------------------------------------------    -------------------
    SLICE_X2Y36          FDCE (Prop_fdce_C_Q)         0.164     1.638 r  led_writeData_reg[2]/Q
                         net (fo=1, routed)           0.166     1.804    led_inst/leds_reg[10]_0[2]
    SLICE_X0Y34          FDCE                                         r  led_inst/leds_reg[2]/D
  -------------------------------------------------------------------    -------------------

                         (clock sys_clk_pin rise edge)
                                                      0.000     0.000 r  
    W5                                                0.000     0.000 r  clk (IN)
                         net (fo=0)                   0.000     0.000    clk
    W5                   IBUF (Prop_ibuf_I_O)         0.414     0.414 r  clk_IBUF_inst/O
                         net (fo=1, routed)           0.685     1.099    clk_IBUF
    BUFGCTRL_X0Y0        BUFG (Prop_bufg_I_O)         0.029     1.128 r  clk_IBUF_BUFG_inst/O
                         net (fo=36, routed)          0.860     1.987    led_inst/clk_IBUF_BUFG
    SLICE_X0Y34          FDCE                                         r  led_inst/leds_reg[2]/C
                         clock pessimism             -0.499     1.488    
    SLICE_X0Y34          FDCE (Hold_fdce_C_D)         0.070     1.558    led_inst/leds_reg[2]
  -------------------------------------------------------------------
                         required time                         -1.558    
                         arrival time                           1.804    
  -------------------------------------------------------------------
                         slack                                  0.246    

Slack (MET) :             0.246ns  (arrival time - required time)
  Source:                 led_writeData_reg[1]/C
                            (rising edge-triggered cell FDCE clocked by sys_clk_pin  {rise@0.000ns fall@5.000ns period=10.000ns})
  Destination:            led_inst/leds_reg[1]/D
                            (rising edge-triggered cell FDCE clocked by sys_clk_pin  {rise@0.000ns fall@5.000ns period=10.000ns})
  Path Group:             sys_clk_pin
  Path Type:              Hold (Min at Fast Process Corner)
  Requirement:            0.000ns  (sys_clk_pin rise@0.000ns - sys_clk_pin rise@0.000ns)
  Data Path Delay:        0.261ns  (logic 0.148ns (56.607%)  route 0.113ns (43.393%))
  Logic Levels:           0  
  Clock Path Skew:        0.016ns (DCD - SCD - CPR)
    Destination Clock Delay (DCD):    1.989ns
    Source Clock Delay      (SCD):    1.474ns
    Clock Pessimism Removal (CPR):    0.499ns

    Location             Delay type                Incr(ns)  Path(ns)    Netlist Resource(s)
  -------------------------------------------------------------------    -------------------
                         (clock sys_clk_pin rise edge)
                                                      0.000     0.000 r  
    W5                                                0.000     0.000 r  clk (IN)
                         net (fo=0)                   0.000     0.000    clk
    W5                   IBUF (Prop_ibuf_I_O)         0.226     0.226 r  clk_IBUF_inst/O
                         net (fo=1, routed)           0.631     0.858    clk_IBUF
    BUFGCTRL_X0Y0        BUFG (Prop_bufg_I_O)         0.026     0.884 r  clk_IBUF_BUFG_inst/O
                         net (fo=36, routed)          0.591     1.474    clk_IBUF_BUFG
    SLICE_X2Y36          FDCE                                         r  led_writeData_reg[1]/C
  -------------------------------------------------------------------    -------------------
    SLICE_X2Y36          FDCE (Prop_fdce_C_Q)         0.148     1.622 r  led_writeData_reg[1]/Q
                         net (fo=1, routed)           0.113     1.736    led_inst/leds_reg[10]_0[1]
    SLICE_X2Y37          FDCE                                         r  led_inst/leds_reg[1]/D
  -------------------------------------------------------------------    -------------------

                         (clock sys_clk_pin rise edge)
                                                      0.000     0.000 r  
    W5                                                0.000     0.000 r  clk (IN)
                         net (fo=0)                   0.000     0.000    clk
    W5                   IBUF (Prop_ibuf_I_O)         0.414     0.414 r  clk_IBUF_inst/O
                         net (fo=1, routed)           0.685     1.099    clk_IBUF
    BUFGCTRL_X0Y0        BUFG (Prop_bufg_I_O)         0.029     1.128 r  clk_IBUF_BUFG_inst/O
                         net (fo=36, routed)          0.862     1.989    led_inst/clk_IBUF_BUFG
    SLICE_X2Y37          FDCE                                         r  led_inst/leds_reg[1]/C
                         clock pessimism             -0.499     1.490    
    SLICE_X2Y37          FDCE (Hold_fdce_C_D)        -0.001     1.489    led_inst/leds_reg[1]
  -------------------------------------------------------------------
                         required time                         -1.489    
                         arrival time                           1.736    
  -------------------------------------------------------------------
                         slack                                  0.246    

Slack (MET) :             0.249ns  (arrival time - required time)
  Source:                 FSM_onehot_state_reg[0]/C
                            (rising edge-triggered cell FDPE clocked by sys_clk_pin  {rise@0.000ns fall@5.000ns period=10.000ns})
  Destination:            FSM_onehot_state_reg[1]/D
                            (rising edge-triggered cell FDCE clocked by sys_clk_pin  {rise@0.000ns fall@5.000ns period=10.000ns})
  Path Group:             sys_clk_pin
  Path Type:              Hold (Min at Fast Process Corner)
  Requirement:            0.000ns  (sys_clk_pin rise@0.000ns - sys_clk_pin rise@0.000ns)
  Data Path Delay:        0.315ns  (logic 0.141ns (44.783%)  route 0.174ns (55.217%))
  Logic Levels:           0  
  Clock Path Skew:        0.000ns (DCD - SCD - CPR)
    Destination Clock Delay (DCD):    1.988ns
    Source Clock Delay      (SCD):    1.474ns
    Clock Pessimism Removal (CPR):    0.514ns

    Location             Delay type                Incr(ns)  Path(ns)    Netlist Resource(s)
  -------------------------------------------------------------------    -------------------
                         (clock sys_clk_pin rise edge)
                                                      0.000     0.000 r  
    W5                                                0.000     0.000 r  clk (IN)
                         net (fo=0)                   0.000     0.000    clk
    W5                   IBUF (Prop_ibuf_I_O)         0.226     0.226 r  clk_IBUF_inst/O
                         net (fo=1, routed)           0.631     0.858    clk_IBUF
    BUFGCTRL_X0Y0        BUFG (Prop_bufg_I_O)         0.026     0.884 r  clk_IBUF_BUFG_inst/O
                         net (fo=36, routed)          0.591     1.474    clk_IBUF_BUFG
    SLICE_X0Y35          FDPE                                         r  FSM_onehot_state_reg[0]/C
  -------------------------------------------------------------------    -------------------
    SLICE_X0Y35          FDPE (Prop_fdpe_C_Q)         0.141     1.615 r  FSM_onehot_state_reg[0]/Q
                         net (fo=1, routed)           0.174     1.789    FSM_onehot_state_reg_n_0_[0]
    SLICE_X0Y35          FDCE                                         r  FSM_onehot_state_reg[1]/D
  -------------------------------------------------------------------    -------------------

                         (clock sys_clk_pin rise edge)
                                                      0.000     0.000 r  
    W5                                                0.000     0.000 r  clk (IN)
                         net (fo=0)                   0.000     0.000    clk
    W5                   IBUF (Prop_ibuf_I_O)         0.414     0.414 r  clk_IBUF_inst/O
                         net (fo=1, routed)           0.685     1.099    clk_IBUF
    BUFGCTRL_X0Y0        BUFG (Prop_bufg_I_O)         0.029     1.128 r  clk_IBUF_BUFG_inst/O
                         net (fo=36, routed)          0.861     1.988    clk_IBUF_BUFG
    SLICE_X0Y35          FDCE                                         r  FSM_onehot_state_reg[1]/C
                         clock pessimism             -0.514     1.474    
    SLICE_X0Y35          FDCE (Hold_fdce_C_D)         0.066     1.540    FSM_onehot_state_reg[1]
  -------------------------------------------------------------------
                         required time                         -1.540    
                         arrival time                           1.789    
  -------------------------------------------------------------------
                         slack                                  0.249    





Pulse Width Checks
--------------------------------------------------------------------------------------
Clock Name:         sys_clk_pin
Waveform(ns):       { 0.000 5.000 }
Period(ns):         10.000
Sources:            { clk }

Check Type        Corner  Lib Pin  Reference Pin  Required(ns)  Actual(ns)  Slack(ns)  Location       Pin
Min Period        n/a     BUFG/I   n/a            2.155         10.000      7.845      BUFGCTRL_X0Y0  clk_IBUF_BUFG_inst/I
Min Period        n/a     FDPE/C   n/a            1.000         10.000      9.000      SLICE_X0Y35    FSM_onehot_state_reg[0]/C
Min Period        n/a     FDCE/C   n/a            1.000         10.000      9.000      SLICE_X0Y35    FSM_onehot_state_reg[1]/C
Min Period        n/a     FDCE/C   n/a            1.000         10.000      9.000      SLICE_X0Y35    FSM_onehot_state_reg[2]/C
Min Period        n/a     FDCE/C   n/a            1.000         10.000      9.000      SLICE_X1Y34    led_inst/leds_reg[0]/C
Min Period        n/a     FDCE/C   n/a            1.000         10.000      9.000      SLICE_X2Y37    led_inst/leds_reg[10]/C
Min Period        n/a     FDCE/C   n/a            1.000         10.000      9.000      SLICE_X2Y37    led_inst/leds_reg[1]/C
Min Period        n/a     FDCE/C   n/a            1.000         10.000      9.000      SLICE_X0Y34    led_inst/leds_reg[2]/C
Min Period        n/a     FDCE/C   n/a            1.000         10.000      9.000      SLICE_X0Y34    led_inst/leds_reg[3]/C
Min Period        n/a     FDCE/C   n/a            1.000         10.000      9.000      SLICE_X0Y34    led_inst/leds_reg[4]/C
Low Pulse Width   Fast    FDPE/C   n/a            0.500         5.000       4.500      SLICE_X0Y35    FSM_onehot_state_reg[0]/C
Low Pulse Width   Fast    FDCE/C   n/a            0.500         5.000       4.500      SLICE_X0Y35    FSM_onehot_state_reg[1]/C
Low Pulse Width   Fast    FDCE/C   n/a            0.500         5.000       4.500      SLICE_X0Y35    FSM_onehot_state_reg[2]/C
Low Pulse Width   Fast    FDCE/C   n/a            0.500         5.000       4.500      SLICE_X1Y34    led_inst/leds_reg[0]/C
Low Pulse Width   Fast    FDCE/C   n/a            0.500         5.000       4.500      SLICE_X2Y37    led_inst/leds_reg[10]/C
Low Pulse Width   Fast    FDCE/C   n/a            0.500         5.000       4.500      SLICE_X2Y37    led_inst/leds_reg[1]/C
Low Pulse Width   Fast    FDCE/C   n/a            0.500         5.000       4.500      SLICE_X0Y34    led_inst/leds_reg[2]/C
Low Pulse Width   Fast    FDCE/C   n/a            0.500         5.000       4.500      SLICE_X0Y34    led_inst/leds_reg[3]/C
Low Pulse Width   Fast    FDCE/C   n/a            0.500         5.000       4.500      SLICE_X0Y34    led_inst/leds_reg[4]/C
Low Pulse Width   Fast    FDCE/C   n/a            0.500         5.000       4.500      SLICE_X0Y34    led_inst/leds_reg[8]/C
High Pulse Width  Slow    FDCE/C   n/a            0.500         5.000       4.500      SLICE_X1Y34    led_inst/leds_reg[0]/C
High Pulse Width  Slow    FDCE/C   n/a            0.500         5.000       4.500      SLICE_X0Y34    led_inst/leds_reg[2]/C
High Pulse Width  Slow    FDCE/C   n/a            0.500         5.000       4.500      SLICE_X0Y34    led_inst/leds_reg[3]/C
High Pulse Width  Slow    FDCE/C   n/a            0.500         5.000       4.500      SLICE_X0Y34    led_inst/leds_reg[4]/C
High Pulse Width  Slow    FDCE/C   n/a            0.500         5.000       4.500      SLICE_X0Y32    led_inst/leds_reg[6]/C
High Pulse Width  Slow    FDCE/C   n/a            0.500         5.000       4.500      SLICE_X0Y32    led_inst/leds_reg[6]_lopt_replica/C
High Pulse Width  Slow    FDCE/C   n/a            0.500         5.000       4.500      SLICE_X0Y32    led_inst/leds_reg[7]/C
High Pulse Width  Slow    FDCE/C   n/a            0.500         5.000       4.500      SLICE_X0Y34    led_inst/leds_reg[8]/C
High Pulse Width  Slow    FDCE/C   n/a            0.500         5.000       4.500      SLICE_X4Y36    sw_inst/readData_reg[13]/C
High Pulse Width  Slow    FDCE/C   n/a            0.500         5.000       4.500      SLICE_X4Y36    sw_inst/readData_reg[8]/C



